 zlibwapi

 Timestamp is 5c929b2f (Wed Mar 20 15:57:35 2019)

 Preferred load address is 10000000

 Start         Length     Name                   Class
 0001:00000000 0005426dH .text$mn                CODE
 0001:0005426d 0000006bH .text$x                 CODE
 0002:00000000 0000014cH .idata$5                DATA
 0002:0000014c 00000004H .00cfg                  DATA
 0002:00000150 00000004H .CRT$XCA                DATA
 0002:00000154 00000004H .CRT$XCZ                DATA
 0002:00000158 00000004H .CRT$XIA                DATA
 0002:0000015c 0000000cH .CRT$XIC                DATA
 0002:00000168 00000004H .CRT$XIZ                DATA
 0002:0000016c 00000004H .CRT$XPA                DATA
 0002:00000170 00000008H .CRT$XPX                DATA
 0002:00000178 00000004H .CRT$XPXA               DATA
 0002:0000017c 00000004H .CRT$XPZ                DATA
 0002:00000180 00000004H .CRT$XTA                DATA
 0002:00000184 0000000cH .CRT$XTZ                DATA
 0002:00000188 00000000H .gfids$y                DATA
 0002:00000190 0000b5c0H .rdata                  DATA
 0002:0000b750 000002a0H .rdata$r                DATA
 0002:0000b9f0 0000033cH .rdata$zzzdbg           DATA
 0002:0000bd2c 00000004H .rtc$IAA                DATA
 0002:0000bd30 00000004H .rtc$IZZ                DATA
 0002:0000bd34 00000004H .rtc$TAA                DATA
 0002:0000bd38 00000008H .rtc$TZZ                DATA
 0002:0000bd40 00000a70H .xdata$x                DATA
 0002:0000c7b0 00000cfcH .edata                  DATA
 0002:0000d4ac 00000014H .idata$2                DATA
 0002:0000d4c0 00000014H .idata$3                DATA
 0002:0000d4d4 0000014cH .idata$4                DATA
 0002:0000d620 00000606H .idata$6                DATA
 0003:00000000 000008b0H .data                   DATA
 0003:000008b0 00000110H .data$r                 DATA
 0003:000009c0 000012c8H .bss                    DATA
 0004:00000000 00000060H .rsrc$01                DATA
 0004:00000060 00000338H .rsrc$02                DATA

  Address         Publics by Value              Rva+Base       Lib:Object

 0000:00000000       ___dynamic_value_reloc_table 00000000     <absolute>
 0000:00000000       ___guard_longjmp_table     00000000     <absolute>
 0000:00000000       ___hybrid_code_map_count   00000000     <absolute>
 0000:00000000       ___hybrid_auxiliary_iat    00000000     <absolute>
 0000:00000000       ___guard_iat_table         00000000     <absolute>
 0000:00000000       ___safe_se_handler_count   00000000     <absolute>
 0000:00000000       ___hybrid_code_map         00000000     <absolute>
 0000:00000000       ___enclave_config          00000000     <absolute>
 0000:00000000       ___guard_fids_table        00000000     <absolute>
 0000:00000000       ___guard_iat_count         00000000     <absolute>
 0000:00000000       ___guard_longjmp_count     00000000     <absolute>
 0000:00000000       ___safe_se_handler_table   00000000     <absolute>
 0000:00000000       ___guard_fids_count        00000000     <absolute>
 0000:00000000       __except_list              00000000     <absolute>
 0000:00000100       ___guard_flags             00000100     <absolute>
 0000:00000000       ___ImageBase               10000000     <linker-defined>
 0001:00000000       _adler32_z@12              10001000 f   adler32.obj
 0001:00000280       _adler32@12                10001280 f   adler32.obj
 0001:00000360       _adler32_combine@12        10001360 f   adler32.obj
 0001:00000380       _compress2@20              10001380 f   compress.obj
 0001:00000460       _compress@16               10001460 f   compress.obj
 0001:00000480       _compressBound@4           10001480 f   compress.obj
 0001:000004a0       _get_crc_table@0           100014a0 f   crc32.obj
 0001:000004b0       _crc32_z@12                100014b0 f   crc32.obj
 0001:000004e0       _crc32@12                  100014e0 f   crc32.obj
 0001:00000bb0       _crc32_combine@12          10001bb0 f   crc32.obj
 0001:00000c40       _deflateInit_@16           10001c40 f   deflate.obj
 0001:00000c60       _deflateInit2_@32          10001c60 f   deflate.obj
 0001:00000ef0       _deflateSetDictionary@12   10001ef0 f   deflate.obj
 0001:00001090       _deflateGetDictionary@12   10002090 f   deflate.obj
 0001:000010f0       _deflateResetKeep@4        100020f0 f   deflate.obj
 0001:000011a0       _deflateReset@4            100021a0 f   deflate.obj
 0001:000011d0       _deflateSetHeader@8        100021d0 f   deflate.obj
 0001:00001200       _deflatePending@12         10002200 f   deflate.obj
 0001:00001240       _deflatePrime@12           10002240 f   deflate.obj
 0001:000012e0       _deflateParams@12          100022e0 f   deflate.obj
 0001:00001430       _deflateTune@20            10002430 f   deflate.obj
 0001:00001480       _deflateBound@8            10002480 f   deflate.obj
 0001:000015f0       _deflate@8                 100025f0 f   deflate.obj
 0001:00001eb0       _deflateEnd@4              10002eb0 f   deflate.obj
 0001:00001f60       _deflateCopy@8             10002f60 f   deflate.obj
 0001:00003270       _gzclose@4                 10004270 f   gzclose.obj
 0001:000032a0       ___local_stdio_printf_options 100042a0 f i gzlib.obj
 0001:000032b0       _vsnprintf                 100042b0 f i gzlib.obj
 0001:000032f0       _snprintf                  100042f0 f i gzlib.obj
 0001:000036a0       _gzopen@8                  100046a0 f   gzlib.obj
 0001:000036c0       _gzdopen@8                 100046c0 f   gzlib.obj
 0001:00003720       _gzopen_w@8                10004720 f   gzlib.obj
 0001:00003740       _gzbuffer@8                10004740 f   gzlib.obj
 0001:00003790       _gzrewind@4                10004790 f   gzlib.obj
 0001:000037f0       _gzseek64@16               100047f0 f   gzlib.obj
 0001:00003980       _gzseek@12                 10004980 f   gzlib.obj
 0001:000039c0       _gztell64@4                100049c0 f   gzlib.obj
 0001:00003a20       _gztell@4                  10004a20 f   gzlib.obj
 0001:00003a50       _gzoffset64@4              10004a50 f   gzlib.obj
 0001:00003aa0       _gzoffset@4                10004aa0 f   gzlib.obj
 0001:00003ad0       _gzeof@4                   10004ad0 f   gzlib.obj
 0001:00003b00       _gzerror@8                 10004b00 f   gzlib.obj
 0001:00003b50       _gzclearerr@4              10004b50 f   gzlib.obj
 0001:00003ba0       _gz_error                  10004ba0 f   gzlib.obj
 0001:00004270       _gzread@12                 10005270 f   gzread.obj
 0001:000042e0       _gzfread@16                100052e0 f   gzread.obj
 0001:00004360       _gzgetc@4                  10005360 f   gzread.obj
 0001:000043d0       _gzgetc_@4                 100053d0 f   gzread.obj
 0001:000043e0       _gzungetc@8                100053e0 f   gzread.obj
 0001:000044e0       _gzgets@12                 100054e0 f   gzread.obj
 0001:00004610       _gzdirect@4                10005610 f   gzread.obj
 0001:00004650       _gzclose_r@4               10005650 f   gzread.obj
 0001:00004ac0       _gzwrite@12                10005ac0 f   gzwrite.obj
 0001:00004b10       _gzfwrite@16               10005b10 f   gzwrite.obj
 0001:00004b80       _gzputc@8                  10005b80 f   gzwrite.obj
 0001:00004c50       _gzputs@8                  10005c50 f   gzwrite.obj
 0001:00004ca0       _gzvprintf                 10005ca0 f   gzwrite.obj
 0001:00004dd0       _gzprintf                  10005dd0 f   gzwrite.obj
 0001:00004df0       _gzflush@8                 10005df0 f   gzwrite.obj
 0001:00004e60       _gzsetparams@12            10005e60 f   gzwrite.obj
 0001:00004f20       _gzclose_w@4               10005f20 f   gzwrite.obj
 0001:00004ff0       _inflateBackInit_@20       10005ff0 f   infback.obj
 0001:000050f0       _inflateBack@20            100060f0 f   infback.obj
 0001:00005ef0       _inflateBackEnd@4          10006ef0 f   infback.obj
 0001:00005f70       _inflateResetKeep@4        10006f70 f   inflate.obj
 0001:00006010       _inflateReset@4            10007010 f   inflate.obj
 0001:00006050       _inflateReset2@8           10007050 f   inflate.obj
 0001:000060e0       _inflateInit2_@16          100070e0 f   inflate.obj
 0001:000061b0       _inflateInit_@12           100071b0 f   inflate.obj
 0001:000061d0       _inflatePrime@12           100071d0 f   inflate.obj
 0001:00006360       _inflate@8                 10007360 f   inflate.obj
 0001:00007b30       _inflateEnd@4              10008b30 f   inflate.obj
 0001:00007b80       _inflateGetDictionary@12   10008b80 f   inflate.obj
 0001:00007bf0       _inflateSetDictionary@12   10008bf0 f   inflate.obj
 0001:00007c90       _inflateGetHeader@8        10008c90 f   inflate.obj
 0001:00007d50       _inflateSync@4             10008d50 f   inflate.obj
 0001:00007e40       _inflateSyncPoint@4        10008e40 f   inflate.obj
 0001:00007e80       _inflateCopy@8             10008e80 f   inflate.obj
 0001:00007fd0       _inflateUndermine@8        10008fd0 f   inflate.obj
 0001:00008000       _inflateValidate@8         10009000 f   inflate.obj
 0001:00008040       _inflateMark@4             10009040 f   inflate.obj
 0001:000080b0       _inflateCodesUsed@4        100090b0 f   inflate.obj
 0001:000080e0       _inflate_table             100090e0 f   inftrees.obj
 0001:000084f0       _call_zopen64              100094f0 f   ioapi.obj
 0001:00008510       _call_zseek64              10009510 f   ioapi.obj
 0001:00008560       _call_ztell64              10009560 f   ioapi.obj
 0001:00008590       _fill_zlib_filefunc64_32_def_from_filefunc32 10009590 f   ioapi.obj
 0001:000087a0       _fill_fopen64_filefunc     100097a0 f   ioapi.obj
 0001:00008890       _win32_open64_file_func    10009890 f   iowin32.obj
 0001:000088f0       _win32_open64_file_funcA   100098f0 f   iowin32.obj
 0001:00008950       _win32_open64_file_funcW   10009950 f   iowin32.obj
 0001:000089b0       _win32_open_file_func      100099b0 f   iowin32.obj
 0001:00008a10       _win32_read_file_func      10009a10 f   iowin32.obj
 0001:00008a60       _win32_write_file_func     10009a60 f   iowin32.obj
 0001:00008b10       _win32_tell_file_func      10009b10 f   iowin32.obj
 0001:00008b60       _win32_tell64_file_func    10009b60 f   iowin32.obj
 0001:00008bc0       _win32_seek_file_func      10009bc0 f   iowin32.obj
 0001:00008c30       _win32_seek64_file_func    10009c30 f   iowin32.obj
 0001:00008cb0       _win32_close_file_func     10009cb0 f   iowin32.obj
 0001:00008cf0       _win32_error_file_func     10009cf0 f   iowin32.obj
 0001:00008d10       _fill_win32_filefunc       10009d10 f   iowin32.obj
 0001:00008d50       _fill_win32_filefunc64     10009d50 f   iowin32.obj
 0001:00008d90       _fill_win32_filefunc64A    10009d90 f   iowin32.obj
 0001:00008dd0       _fill_win32_filefunc64W    10009dd0 f   iowin32.obj
 0001:00008e20       __tr_init                  10009e20 f   trees.obj
 0001:00009e10       __tr_stored_block          1000ae10 f   trees.obj
 0001:00009f10       __tr_flush_bits            1000af10 f   trees.obj
 0001:00009f20       __tr_align                 1000af20 f   trees.obj
 0001:0000a000       __tr_flush_block           1000b000 f   trees.obj
 0001:0000a7c0       _uncompress2@16            1000b7c0 f   uncompr.obj
 0001:0000a8f0       _uncompress@16             1000b8f0 f   uncompr.obj
 0001:0000ac70       _unzStringFileNameCompare@12 1000bc70 f   unzip.obj
 0001:0000b560       _unzOpen2@8                1000c560 f   unzip.obj
 0001:0000b5b0       _unzOpen2_64@8             1000c5b0 f   unzip.obj
 0001:0000b610       _unzOpen@4                 1000c610 f   unzip.obj
 0001:0000b630       _unzOpen64@4               1000c630 f   unzip.obj
 0001:0000b650       _unzClose@4                1000c650 f   unzip.obj
 0001:0000b690       _unzGetGlobalInfo64@8      1000c690 f   unzip.obj
 0001:0000b6c0       _unzGetGlobalInfo@8        1000c6c0 f   unzip.obj
 0001:0000bd30       _unzGetCurrentFileInfo64@32 1000cd30 f   unzip.obj
 0001:0000bd60       _unzGetCurrentFileInfo@32  1000cd60 f   unzip.obj
 0001:0000be20       _unzGoToFirstFile@4        1000ce20 f   unzip.obj
 0001:0000be90       _unzGoToNextFile@4         1000ce90 f   unzip.obj
 0001:0000bf40       _unzLocateFile@12          1000cf40 f   unzip.obj
 0001:0000c0f0       _unzGetFilePos64@8         1000d0f0 f   unzip.obj
 0001:0000c140       _unzGetFilePos@8           1000d140 f   unzip.obj
 0001:0000c170       _unzGoToFilePos64@8        1000d170 f   unzip.obj
 0001:0000c1e0       _unzGoToFilePos@8          1000d1e0 f   unzip.obj
 0001:0000c480       _unzOpenCurrentFile3@20    1000d480 f   unzip.obj
 0001:0000c700       _unzOpenCurrentFile@4      1000d700 f   unzip.obj
 0001:0000c720       _unzOpenCurrentFilePassword@8 1000d720 f   unzip.obj
 0001:0000c740       _unzOpenCurrentFile2@16    1000d740 f   unzip.obj
 0001:0000c760       _unzGetCurrentFileZStreamPos64@4 1000d760 f   unzip.obj
 0001:0000c7a0       _unzReadCurrentFile@12     1000d7a0 f   unzip.obj
 0001:0000ca80       _unztell@4                 1000da80 f   unzip.obj
 0001:0000cab0       _unztell64@4               1000dab0 f   unzip.obj
 0001:0000cae0       _unzeof@4                  1000dae0 f   unzip.obj
 0001:0000cb20       _unzGetLocalExtrafield@12  1000db20 f   unzip.obj
 0001:0000cbf0       _unzCloseCurrentFile@4     1000dbf0 f   unzip.obj
 0001:0000cc80       _unzGetGlobalComment@12    1000dc80 f   unzip.obj
 0001:0000d8b0       _LoadCentralDirectoryRecord 1000e8b0 f   zip.obj
 0001:0000dd60       _zipOpen3@16               1000ed60 f   zip.obj
 0001:0000ded0       _zipOpen2@16               1000eed0 f   zip.obj
 0001:0000df20       _zipOpen2_64@16            1000ef20 f   zip.obj
 0001:0000df80       _zipOpen@8                 1000ef80 f   zip.obj
 0001:0000dfa0       _zipOpen64@8               1000efa0 f   zip.obj
 0001:0000dfc0       _Write_LocalFileHeader     1000efc0 f   zip.obj
 0001:0000e200       _zipOpenNewFileInZip4_64@76 1000f200 f   zip.obj
 0001:0000e730       _zipOpenNewFileInZip3@64   1000f730 f   zip.obj
 0001:0000e780       _zipOpenNewFileInZip3_64@68 1000f780 f   zip.obj
 0001:0000e7d0       _zipOpenNewFileInZip2@44   1000f7d0 f   zip.obj
 0001:0000e810       _zipOpenNewFileInZip2_64@48 1000f810 f   zip.obj
 0001:0000e850       _zipOpenNewFileInZip64@44  1000f850 f   zip.obj
 0001:0000e890       _zipOpenNewFileInZip@40    1000f890 f   zip.obj
 0001:0000e990       _zipWriteInFileInZip@12    1000f990 f   zip.obj
 0001:0000eab0       _zipCloseFileInZipRaw@12   1000fab0 f   zip.obj
 0001:0000ead0       _zipCloseFileInZipRaw64@16 1000fad0 f   zip.obj
 0001:0000efd0       _zipCloseFileInZip@4       1000ffd0 f   zip.obj
 0001:0000eff0       _Write_Zip64EndOfCentralDirectoryLocator 1000fff0 f   zip.obj
 0001:0000f070       _Write_Zip64EndOfCentralDirectoryRecord 10010070 f   zip.obj
 0001:0000f190       _Write_EndOfCentralDirectoryRecord 10010190 f   zip.obj
 0001:0000f2c0       _Write_GlobalComment       100102c0 f   zip.obj
 0001:0000f330       _zipClose@8                10010330 f   zip.obj
 0001:0000f4c0       _zlibVersion@0             100104c0 f   zutil.obj
 0001:0000f4d0       _zlibCompileFlags@0        100104d0 f   zutil.obj
 0001:0000f4e0       _zError@4                  100104e0 f   zutil.obj
 0001:0000f500       _zcalloc                   10010500 f   zutil.obj
 0001:0000f520       _zcfree                    10010520 f   zutil.obj
 0001:0000f530       _longest_match             10010530 f   match686.obj
 0001:0000f714       _match_init                10010714 f   match686.obj
 0001:0000f820       _inflate_fast              10010820 f   inffas32.obj
 0001:0000feb3       _ReadFile@20               10010eb3 f   kernel32:KERNEL32.dll
 0001:0000feb9       _WriteFile@20              10010eb9 f   kernel32:KERNEL32.dll
 0001:0000febf       _SetFilePointer@16         10010ebf f   kernel32:KERNEL32.dll
 0001:0000fec5       _CreateFileW@28            10010ec5 f   kernel32:KERNEL32.dll
 0001:0000fecb       _GetLastError@0            10010ecb f   kernel32:KERNEL32.dll
 0001:0000fed1       _CreateFileA@28            10010ed1 f   kernel32:KERNEL32.dll
 0001:0000fed7       _CloseHandle@4             10010ed7 f   kernel32:KERNEL32.dll
 0001:00010214       __CRT_INIT@12              10011214 f   LIBCMT:dll_dllmain.obj
 0001:0001021d       __DllMainCRTStartup@12     1001121d f   LIBCMT:dll_dllmain.obj
 0001:0001028f       ___security_init_cookie    1001128f f   LIBCMT:gs_support.obj
 0001:000102da       _DllMain@12                100112da f   LIBCMT:dll_dllmain_stub.obj
 0001:000102e0       ?__scrt_initialize_type_info@@YAXXZ 100112e0 f   LIBCMT:tncleanup.obj
 0001:000102ec       ?__scrt_uninitialize_type_info@@YAXXZ 100112ec f   LIBCMT:tncleanup.obj
 0001:000102f8       ___local_stdio_scanf_options 100112f8 f i LIBCMT:default_local_stdio_options.obj
 0001:000102fe       ___scrt_initialize_default_local_stdio_options 100112fe f   LIBCMT:default_local_stdio_options.obj
 0001:0001031b       ??$__crt_fast_decode_pointer@PAP6AXXZ@@YAPAP6AXXZQAP6AXXZ@Z 1001131b f i LIBCMT:utility.obj
 0001:0001032f       ??$__crt_fast_encode_pointer@PAP6AXXZ@@YAPAP6AXXZQAP6AXXZ@Z 1001132f f i LIBCMT:utility.obj
 0001:0001034c       ?__crt_rotate_pointer_value@@YAIIH@Z 1001134c f i LIBCMT:utility.obj
 0001:00010359       ?configure_argv@__scrt_narrow_argv_policy@@SAHXZ 10011359 f i LIBCMT:utility.obj
 0001:000103aa       ?initialize_environment@__scrt_narrow_environment_policy@@SAHXZ 100113aa f i LIBCMT:utility.obj
 0001:000103e3       _NtCurrentTeb              100113e3 f i LIBCMT:utility.obj
 0001:000103ea       ___scrt_acquire_startup_lock 100113ea f   LIBCMT:utility.obj
 0001:0001041c       ___scrt_dllmain_after_initialize_c 1001141c f   LIBCMT:utility.obj
 0001:00010447       ___scrt_dllmain_before_initialize_c 10011447 f   LIBCMT:utility.obj
 0001:00010455       ___scrt_dllmain_crt_thread_attach 10011455 f   LIBCMT:utility.obj
 0001:00010474       ___scrt_dllmain_crt_thread_detach 10011474 f   LIBCMT:utility.obj
 0001:00010481       ___scrt_dllmain_exception_filter 10011481 f   LIBCMT:utility.obj
 0001:000104b5       ___scrt_dllmain_uninitialize_c 100114b5 f   LIBCMT:utility.obj
 0001:000104d8       ___scrt_dllmain_uninitialize_critical 100114d8 f   LIBCMT:utility.obj
 0001:000104e5       ___scrt_initialize_crt     100114e5 f   LIBCMT:utility.obj
 0001:0001051e       ___scrt_initialize_onexit_tables 1001151e f   LIBCMT:utility.obj
 0001:000105c8       ___scrt_is_nonwritable_in_current_image 100115c8 f   LIBCMT:utility.obj
 0001:00010652       ___scrt_release_startup_lock 10011652 f   LIBCMT:utility.obj
 0001:0001066f       ___scrt_uninitialize_crt   1001166f f   LIBCMT:utility.obj
 0001:00010697       __onexit                   10011697 f   LIBCMT:utility.obj
 0001:000106d2       _at_quick_exit             100116d2 f   LIBCMT:utility.obj
 0001:00010703       _atexit                    10011703 f   LIBCMT:utility.obj
 0001:00010718       ___scrt_get_dyn_tls_init_callback 10011718 f   LIBCMT:dyn_tls_init.obj
 0001:0001071e       ___scrt_fastfail           1001171e f   LIBCMT:utility_desktop.obj
 0001:0001083a       ___scrt_get_show_window_mode 1001183a f   LIBCMT:utility_desktop.obj
 0001:0001086d       ___scrt_initialize_winrt   1001186d f   LIBCMT:utility_desktop.obj
 0001:00010870       ___scrt_is_managed_app     10011870 f   LIBCMT:utility_desktop.obj
 0001:000108b3       ___scrt_set_unhandled_exception_filter 100118b3 f   LIBCMT:utility_desktop.obj
 0001:000108bf       ___scrt_unhandled_exception_filter@4 100118bf f   LIBCMT:utility_desktop.obj
 0001:00010900       __crt_debugger_hook        10011900 f   LIBCMT:utility_desktop.obj
 0001:00010908       __RTC_Initialize           10011908 f   LIBCMT:_initsect_.obj
 0001:00010934       __RTC_Terminate            10011934 f   LIBCMT:_initsect_.obj
 0001:00010960       __SEH_prolog4              10011960 f   LIBCMT:_sehprolg4_.obj
 0001:000109a6       __SEH_epilog4              100119a6 f   LIBCMT:_sehprolg4_.obj
 0001:000109bb       @_guard_check_icall_nop@4  100119bb f i LIBCMT:guard_support.obj
 0001:000109bc       _ReadNoFence               100119bc f i LIBCMT:guard_support.obj
 0001:000109c6       _ReadPointerNoFence        100119c6 f i LIBCMT:guard_support.obj
 0001:000109d0       __guard_icall_checks_enforced 100119d0 f i LIBCMT:guard_support.obj
 0001:000109e2       ___isa_available_init      100119e2 f   LIBCMT:_cpu_disp_.obj
 0001:00010b7b       __get_startup_argv_mode    10011b7b f   LIBCMT:argv_mode.obj
 0001:00010b7f       ___scrt_is_ucrt_dll_in_use 10011b7f f   LIBCMT:ucrt_detection.obj
 0001:00010b8b       @__security_check_cookie@4 10011b8b f   LIBCMT:_secchk_.obj
 0001:00010b9c       ___raise_securityfailure   10011b9c f   LIBCMT:gs_report.obj
 0001:00010bc4       ___report_gsfailure        10011bc4 f   LIBCMT:gs_report.obj
 0001:00010cbf       ___report_rangecheckfailure 10011cbf f   LIBCMT:gs_report.obj
 0001:00010ccb       ___report_securityfailure  10011ccb f   LIBCMT:gs_report.obj
 0001:00010d9b       ___report_securityfailureEx 10011d9b f   LIBCMT:gs_report.obj
 0001:00010f00       __except_handler4          10011f00 f   libvcruntime:_chandler4_.obj
 0001:00011065       ??$?RD@__crt_internal_free_policy@@QBEXQBD@Z 10012065 f i libvcruntime:std_type_info.obj
 0001:00011075       ??$?RX@__crt_internal_free_policy@@QBEXQBX@Z 10012075 f i libvcruntime:std_type_info.obj
 0001:00011085       ??$__crt_interlocked_compare_exchange_pointer@$$CBDPAD$$T@@YAPBDPDSBDQAD$$T@Z 10012085 f i libvcruntime:std_type_info.obj
 0001:00011097       ??$__crt_interlocked_read_pointer@$$CBD@@YAPBDPDSBD@Z 10012097 f i libvcruntime:std_type_info.obj
 0001:000110a1       ??0?$__crt_unique_heap_ptr@DU__crt_internal_free_policy@@@@QAE@QAD@Z 100120a1 f i libvcruntime:std_type_info.obj
 0001:000110af       ??0?$__crt_unique_heap_ptr@XU__crt_internal_free_policy@@@@QAE@QAX@Z 100120af f i libvcruntime:std_type_info.obj
 0001:000110bd       ??1?$__crt_unique_heap_ptr@DU__crt_internal_free_policy@@@@QAE@XZ 100120bd f i libvcruntime:std_type_info.obj
 0001:000110cd       ??1?$__crt_unique_heap_ptr@XU__crt_internal_free_policy@@@@QAE@XZ 100120cd f i libvcruntime:std_type_info.obj
 0001:000110e9       ??B?$__crt_unique_heap_ptr@DU__crt_internal_free_policy@@@@QBE_NXZ 100120e9 f i libvcruntime:std_type_info.obj
 0001:000110f0       ??B?$__crt_unique_heap_ptr@XU__crt_internal_free_policy@@@@QBE_NXZ 100120f0 f i libvcruntime:std_type_info.obj
 0001:00011117       ?__crt_interlocked_read_32@@YAHPDH@Z 10012117 f i libvcruntime:std_type_info.obj
 0001:00011121       ?detach@?$__crt_unique_heap_ptr@XU__crt_internal_free_policy@@@@QAEPAXXZ 10012121 f i libvcruntime:std_type_info.obj
 0001:00011127       ?get@?$__crt_unique_heap_ptr@DU__crt_internal_free_policy@@@@QBEPADXZ 10012127 f i libvcruntime:std_type_info.obj
 0001:0001112a       ?get@?$__crt_unique_heap_ptr@XU__crt_internal_free_policy@@@@QBEPAXXZ 1001212a f i libvcruntime:std_type_info.obj
 0001:0001112d       ?is_valid@?$__crt_unique_heap_ptr@DU__crt_internal_free_policy@@@@QBE_NXZ 1001212d f i libvcruntime:std_type_info.obj
 0001:00011134       ?is_valid@?$__crt_unique_heap_ptr@XU__crt_internal_free_policy@@@@QBE_NXZ 10012134 f i libvcruntime:std_type_info.obj
 0001:0001113b       ?release@?$__crt_unique_heap_ptr@DU__crt_internal_free_policy@@@@QAEXXZ 1001213b f i libvcruntime:std_type_info.obj
 0001:0001114b       ?release@?$__crt_unique_heap_ptr@XU__crt_internal_free_policy@@@@QAEXXZ 1001214b f i libvcruntime:std_type_info.obj
 0001:0001115b       ___std_type_info_compare   1001215b f   libvcruntime:std_type_info.obj
 0001:00011197       ___std_type_info_destroy_list 10012197 f   libvcruntime:std_type_info.obj
 0001:000111ba       ___std_type_info_hash      100121ba f   libvcruntime:std_type_info.obj
 0001:000111e0       ___std_type_info_name      100121e0 f   libvcruntime:std_type_info.obj
 0001:000112a5       ___vcrt_initialize         100122a5 f   libvcruntime:initialization.obj
 0001:000112ce       ___vcrt_thread_attach      100122ce f   libvcruntime:initialization.obj
 0001:000112d9       ___vcrt_thread_detach      100122d9 f   libvcruntime:initialization.obj
 0001:000112e4       ___vcrt_uninitialize       100122e4 f   libvcruntime:initialization.obj
 0001:00011303       ___vcrt_uninitialize_critical 10012303 f   libvcruntime:initialization.obj
 0001:00011310       _memset                    10012310 f   libvcruntime:memset.obj
 0001:00011470       __local_unwind4            10012470 f   libvcruntime:_exsup4_.obj
 0001:00011548       __seh_longjmp_unwind4@4    10012548 f   libvcruntime:_exsup4_.obj
 0001:00011570       @_EH4_CallFilterFunc@8     10012570 f   libvcruntime:_exsup4_.obj
 0001:00011588       @_EH4_TransferToHandler@8  10012588 f   libvcruntime:_exsup4_.obj
 0001:000115a4       @_EH4_GlobalUnwind2@8      100125a4 f   libvcruntime:_exsup4_.obj
 0001:000115c0       @_EH4_LocalUnwind@16       100125c0 f   libvcruntime:_exsup4_.obj
 0001:000115e2       ___except_validate_context_record 100125e2 f   libvcruntime:jbcxrval.obj
 0001:00011612       ___except_validate_jump_buffer 10012612 f   libvcruntime:jbcxrval.obj
 0001:0001163f       ___except_validate_jump_buffer_common 1001263f f i libvcruntime:jbcxrval.obj
 0001:00011678       ??0Block@_HeapManager@@QAE@XZ 10012678 f i libvcruntime:undname.obj
 0001:0001167e       ??0DName@@QAE@AAPBDD@Z     1001267e f   libvcruntime:undname.obj
 0001:00011730       ??0DName@@QAE@ABV0@@Z      10012730 f i libvcruntime:undname.obj
 0001:00011746       ??0DName@@QAE@D@Z          10012746 f   libvcruntime:undname.obj
 0001:0001176b       ??0DName@@QAE@PAV0@@Z      1001276b f   libvcruntime:undname.obj
 0001:000117b3       ??0DName@@QAE@PBD@Z        100127b3 f   libvcruntime:undname.obj
 0001:000117e6       ??0DName@@QAE@W4DNameStatus@@@Z 100127e6 f   libvcruntime:undname.obj
 0001:00011817       ??0DName@@QAE@XZ           10012817 f i libvcruntime:undname.obj
 0001:00011821       ??0DName@@QAE@_J@Z         10012821 f   libvcruntime:undname.obj
 0001:000118af       ??0DName@@QAE@_K@Z         100128af f   libvcruntime:undname.obj
 0001:00011917       ??0DNameNode@@IAE@XZ       10012917 f i libvcruntime:undname.obj
 0001:00011920       ??0Replicator@@QAE@XZ      10012920 f i libvcruntime:undname.obj
 0001:0001192f       ??0UnDecorator@@QAE@PBDP6APADJ@ZK@Z 1001292f f i libvcruntime:undname.obj
 0001:0001197b       ??0charNode@@QAE@D@Z       1001297b f i libvcruntime:undname.obj
 0001:00011990       ??0pDNameNode@@QAE@PAVDName@@@Z 10012990 f   libvcruntime:undname.obj
 0001:000119b8       ??0pairNode@@QAE@PBVDNameNode@@0@Z 100129b8 f i libvcruntime:undname.obj
 0001:000119d7       ??0pcharNode@@QAE@PBDH@Z   100129d7 f   libvcruntime:undname.obj
 0001:00011a37       ??2@YAPAXIAAV_HeapManager@@H@Z 10012a37 f i libvcruntime:undname.obj
 0001:00011a4c       ??4DName@@QAEAAV0@ABV0@@Z  10012a4c f   libvcruntime:undname.obj
 0001:00011a62       ??4DName@@QAEAAV0@D@Z      10012a62 f i libvcruntime:undname.obj
 0001:00011a87       ??4DName@@QAEAAV0@PAV0@@Z  10012a87 f   libvcruntime:undname.obj
 0001:00011ac9       ??4DName@@QAEAAV0@PBD@Z    10012ac9 f   libvcruntime:undname.obj
 0001:00011af4       ??4DName@@QAEAAV0@W4DNameStatus@@@Z 10012af4 f   libvcruntime:undname.obj
 0001:00011b15       ??AReplicator@@QBE?AVDName@@H@Z 10012b15 f   libvcruntime:undname.obj
 0001:00011b51       ??H@YA?AVDName@@DABV0@@Z   10012b51 f i libvcruntime:undname.obj
 0001:00011b75       ??H@YA?AVDName@@PBDABV0@@Z 10012b75 f i libvcruntime:undname.obj
 0001:00011b99       ??H@YA?AVDName@@W4DNameStatus@@ABV0@@Z 10012b99 f i libvcruntime:undname.obj
 0001:00011bbd       ??HDName@@QBE?AV0@ABV0@@Z  10012bbd f   libvcruntime:undname.obj
 0001:00011bdf       ??HDName@@QBE?AV0@D@Z      10012bdf f   libvcruntime:undname.obj
 0001:00011c01       ??HDName@@QBE?AV0@PAV0@@Z  10012c01 f   libvcruntime:undname.obj
 0001:00011c23       ??HDName@@QBE?AV0@PBD@Z    10012c23 f   libvcruntime:undname.obj
 0001:00011c45       ??HDName@@QBE?AV0@W4DNameStatus@@@Z 10012c45 f   libvcruntime:undname.obj
 0001:00011c67       ??YDName@@QAEAAV0@ABV0@@Z  10012c67 f   libvcruntime:undname.obj
 0001:00011ca8       ??YDName@@QAEAAV0@D@Z      10012ca8 f   libvcruntime:undname.obj
 0001:00011cf8       ??YDName@@QAEAAV0@PAV0@@Z  10012cf8 f   libvcruntime:undname.obj
 0001:00011d5d       ??YDName@@QAEAAV0@PBD@Z    10012d5d f   libvcruntime:undname.obj
 0001:00011dbe       ??YDName@@QAEAAV0@W4DNameStatus@@@Z 10012dbe f   libvcruntime:undname.obj
 0001:00011e09       ??YReplicator@@QAEAAV0@ABVDName@@@Z 10012e09 f   libvcruntime:undname.obj
 0001:00011e53       ??_5DName@@QAEAAV0@ABV0@@Z 10012e53 f   libvcruntime:undname.obj
 0001:00011e6f       ?Constructor@_HeapManager@@QAEXP6APAXI@ZP6AXPAX@Z@Z 10012e6f f i libvcruntime:undname.obj
 0001:00011e8c       ?Destructor@_HeapManager@@QAEXXZ 10012e8c f i libvcruntime:undname.obj
 0001:00011ec4       ?UScore@UnDecorator@@SAPBDW4Tokens@@@Z 10012ec4 f   libvcruntime:undname.obj
 0001:00011ee1       ?append@DName@@AAEXPBVDNameNode@@@Z 10012ee1 f   libvcruntime:undname.obj
 0001:00011f27       ?composeDeclaration@UnDecorator@@CA?AVDName@@ABV2@@Z 10012f27 f i libvcruntime:undname.obj
 0001:00012c74       ?doAccessSpecifiers@UnDecorator@@SAHXZ 10013c74 f i libvcruntime:undname.obj
 0001:00012c82       ?doAllocationLanguage@UnDecorator@@SAHXZ 10013c82 f i libvcruntime:undname.obj
 0001:00012c90       ?doAllocationModel@UnDecorator@@SAHXZ 10013c90 f i libvcruntime:undname.obj
 0001:00012c9e       ?doEcsu@UnDecorator@@SAHXZ 10013c9e f i libvcruntime:undname.obj
 0001:00012cac       ?doEllipsis@UnDecorator@@SAHXZ 10013cac f i libvcruntime:undname.obj
 0001:00012cba       ?doFunctionReturns@UnDecorator@@SAHXZ 10013cba f i libvcruntime:undname.obj
 0001:00012cc8       ?doMSKeywords@UnDecorator@@SAHXZ 10013cc8 f i libvcruntime:undname.obj
 0001:00012cd5       ?doMemberTypes@UnDecorator@@SAHXZ 10013cd5 f i libvcruntime:undname.obj
 0001:00012ce3       ?doNameOnly@UnDecorator@@SAHXZ 10013ce3 f i libvcruntime:undname.obj
 0001:00012cee       ?doNoIdentCharCheck@UnDecorator@@SAHXZ 10013cee f i libvcruntime:undname.obj
 0001:00012cf9       ?doPchar@DName@@AAEXPBDH@Z 10013cf9 f   libvcruntime:undname.obj
 0001:00012d7f       ?doPtr64@UnDecorator@@SAHXZ 10013d7f f i libvcruntime:undname.obj
 0001:00012d8d       ?doRestrictionSpec@UnDecorator@@SAHXZ 10013d8d f i libvcruntime:undname.obj
 0001:00012d9b       ?doThisTypes@UnDecorator@@SAHXZ 10013d9b f i libvcruntime:undname.obj
 0001:00012dad       ?doThrowTypes@UnDecorator@@SAHXZ 10013dad f i libvcruntime:undname.obj
 0001:00012dbb       ?doTypeOnly@UnDecorator@@SAHXZ 10013dbb f i libvcruntime:undname.obj
 0001:00012dc6       ?doUnderScore@UnDecorator@@SAHXZ 10013dc6 f i libvcruntime:undname.obj
 0001:00012dd1       ?getArgumentList@UnDecorator@@CA?AVDName@@XZ 10013dd1 f   libvcruntime:undname.obj
 0001:00012ec9       ?getArgumentTypes@UnDecorator@@CA?AVDName@@XZ 10013ec9 f   libvcruntime:undname.obj
 0001:00012f91       ?getArrayType@UnDecorator@@CA?AVDName@@ABV2@@Z 10013f91 f i libvcruntime:undname.obj
 0001:00013186       ?getBasedType@UnDecorator@@CA?AVDName@@XZ 10014186 f   libvcruntime:undname.obj
 0001:0001322a       ?getBasicDataType@UnDecorator@@CA?AVDName@@ABV2@@Z 1001422a f   libvcruntime:undname.obj
 0001:000135f5       ?getCHPEName@UnDecorator@@QAEPADPADH@Z 100145f5 f i libvcruntime:undname.obj
 0001:000136d6       ?getCallIndex@UnDecorator@@CA?AVDName@@XZ 100146d6 f i libvcruntime:undname.obj
 0001:000136ea       ?getCallingConvention@UnDecorator@@CA?AVDName@@XZ 100146ea f   libvcruntime:undname.obj
 0001:000137d4       ?getDataIndirectType@UnDecorator@@CA?AVDName@@ABV2@PBD0H@Z 100147d4 f   libvcruntime:undname.obj
 0001:00013e16       ?getDataIndirectType@UnDecorator@@CA?AVDName@@XZ 10014e16 f i libvcruntime:undname.obj
 0001:00013e4a       ?getDataType@UnDecorator@@CA?AVDName@@PAV2@@Z 10014e4a f   libvcruntime:undname.obj
 0001:00013f18       ?getDecoratedName@UnDecorator@@CA?AVDName@@XZ 10014f18 f   libvcruntime:undname.obj
 0001:00014172       ?getDimension@UnDecorator@@CA?AVDName@@_N@Z 10015172 f   libvcruntime:undname.obj
 0001:00014280       ?getDispatchTarget@UnDecorator@@CA?AVDName@@XZ 10015280 f   libvcruntime:undname.obj
 0001:000142d3       ?getDisplacement@UnDecorator@@CA?AVDName@@XZ 100152d3 f i libvcruntime:undname.obj
 0001:000142e7       ?getECSUDataType@UnDecorator@@CA?AVDName@@XZ 100152e7 f   libvcruntime:undname.obj
 0001:000143fc       ?getECSUName@UnDecorator@@CA?AVDName@@XZ 100153fc f i libvcruntime:undname.obj
 0001:0001440d       ?getEnumType@UnDecorator@@CA?AVDName@@XZ 1001540d f i libvcruntime:undname.obj
 0001:000144f5       ?getExtendedDataIndirectType@UnDecorator@@CA?AVDName@@AAPBDAA_NH@Z 100154f5 f   libvcruntime:undname.obj
 0001:000146ac       ?getExternalDataType@UnDecorator@@CA?AVDName@@ABV2@@Z 100156ac f i libvcruntime:undname.obj
 0001:0001471e       ?getFunctionIndirectType@UnDecorator@@CA?AVDName@@ABV2@@Z 1001571e f   libvcruntime:undname.obj
 0001:00014b0d       ?getGuardNumber@UnDecorator@@CA?AVDName@@XZ 10015b0d f i libvcruntime:undname.obj
 0001:00014b21       ?getLastChar@DName@@QBEDXZ 10015b21 f i libvcruntime:undname.obj
 0001:00014b41       ?getLastChar@DNameStatusNode@@UBEDXZ 10015b41 f i libvcruntime:undname.obj
 0001:00014b4d       ?getLastChar@charNode@@UBEDXZ 10015b4d f i libvcruntime:undname.obj
 0001:00014b51       ?getLastChar@pDNameNode@@UBEDXZ 10015b51 f i libvcruntime:undname.obj
 0001:00014b78       ?getLastChar@pairNode@@UBEDXZ 10015b78 f i libvcruntime:undname.obj
 0001:00014bad       ?getLastChar@pcharNode@@UBEDXZ 10015bad f i libvcruntime:undname.obj
 0001:00014bbf       ?getLexicalFrame@UnDecorator@@CA?AVDName@@XZ 10015bbf f i libvcruntime:undname.obj
 0001:00014bfc       ?getMemory@_HeapManager@@QAEPAXIH@Z 10015bfc f   libvcruntime:undname.obj
 0001:00014c83       ?getNoexcept@UnDecorator@@CA?AVDName@@XZ 10015c83 f   libvcruntime:undname.obj
 0001:00014cc8       ?getNumberOfDimensions@UnDecorator@@CAHXZ 10015cc8 f   libvcruntime:undname.obj
 0001:00014d29       ?getOperatorName@UnDecorator@@CA?AVDName@@_NPA_N@Z 10015d29 f i libvcruntime:undname.obj
 0001:00015379       ?getPointerType@UnDecorator@@CA?AVDName@@ABV2@0@Z 10016379 f i libvcruntime:undname.obj
 0001:00015397       ?getPointerTypeArray@UnDecorator@@CA?AVDName@@ABV2@0@Z 10016397 f i libvcruntime:undname.obj
 0001:000153b5       ?getPrimaryDataType@UnDecorator@@CA?AVDName@@ABV2@@Z 100163b5 f   libvcruntime:undname.obj
 0001:00015597       ?getPtrRefDataType@UnDecorator@@CA?AVDName@@ABV2@H@Z 10016597 f   libvcruntime:undname.obj
 0001:000156ca       ?getPtrRefType@UnDecorator@@CA?AVDName@@ABV2@0PBD@Z 100166ca f   libvcruntime:undname.obj
 0001:000157c6       ?getReferenceType@UnDecorator@@CA?AVDName@@ABV2@0PBD@Z 100167c6 f i libvcruntime:undname.obj
 0001:000157e2       ?getRestrictionSpec@UnDecorator@@CA?AVDName@@XZ 100167e2 f   libvcruntime:undname.obj
 0001:000158e9       ?getReturnType@UnDecorator@@CA?AVDName@@PAV2@@Z 100168e9 f   libvcruntime:undname.obj
 0001:00015918       ?getScope@UnDecorator@@CA?AVDName@@XZ 10016918 f   libvcruntime:undname.obj
 0001:00015cca       ?getScopedName@UnDecorator@@CA?AVDName@@XZ 10016cca f   libvcruntime:undname.obj
 0001:00015da6       ?getSignedDimension@UnDecorator@@CA?AVDName@@XZ 10016da6 f   libvcruntime:undname.obj
 0001:00015df9       ?getStorageConvention@UnDecorator@@CA?AVDName@@XZ 10016df9 f i libvcruntime:undname.obj
 0001:00015e0a       ?getString@DName@@QBEPADPAD0@Z 10016e0a f i libvcruntime:undname.obj
 0001:00015e37       ?getString@DName@@QBEPADPADH@Z 10016e37 f i libvcruntime:undname.obj
 0001:00015e9a       ?getString@DNameStatusNode@@UBEPADPAD0@Z 10016e9a f i libvcruntime:undname.obj
 0001:00015ec1       ?getString@charNode@@UBEPADPAD0@Z 10016ec1 f i libvcruntime:undname.obj
 0001:00015ed6       ?getString@pDNameNode@@UBEPADPAD0@Z 10016ed6 f i libvcruntime:undname.obj
 0001:00015eed       ?getString@pairNode@@UBEPADPAD0@Z 10016eed f i libvcruntime:undname.obj
 0001:00015f33       ?getString@pcharNode@@UBEPADPAD0@Z 10016f33 f i libvcruntime:undname.obj
 0001:00015f4e       ?getStringEncoding@UnDecorator@@CA?AVDName@@PBDH@Z 10016f4e f   libvcruntime:undname.obj
 0001:00015ff4       ?getStringHelper@@YAPADPADPBD1H@Z 10016ff4 f i libvcruntime:undname.obj
 0001:0001602b       ?getSymbolName@UnDecorator@@CA?AVDName@@XZ 1001702b f i libvcruntime:undname.obj
 0001:00016073       ?getTemplateArgumentList@UnDecorator@@CA?AVDName@@XZ 10017073 f   libvcruntime:undname.obj
 0001:0001632a       ?getTemplateConstant@UnDecorator@@CA?AVDName@@XZ 1001732a f   libvcruntime:undname.obj
 0001:00016668       ?getTemplateName@UnDecorator@@CA?AVDName@@_N@Z 10017668 f   libvcruntime:undname.obj
 0001:000167df       ?getThisType@UnDecorator@@CA?AVDName@@XZ 100177df f i libvcruntime:undname.obj
 0001:00016814       ?getThrowTypes@UnDecorator@@CA?AVDName@@XZ 10017814 f   libvcruntime:undname.obj
 0001:00016837       ?getTypeEncoding@UnDecorator@@CAHXZ 10017837 f i libvcruntime:undname.obj
 0001:00016b3f       ?getUndecoratedName@UnDecorator@@QAEPADPADH@Z 10017b3f f i libvcruntime:undname.obj
 0001:00016c18       ?getVCallThunkType@UnDecorator@@CA?AVDName@@XZ 10017c18 f i libvcruntime:undname.obj
 0001:00016c53       ?getVbTableType@UnDecorator@@CA?AVDName@@ABV2@@Z 10017c53 f i libvcruntime:undname.obj
 0001:00016c68       ?getVdispMapType@UnDecorator@@CA?AVDName@@ABV2@@Z 10017c68 f i libvcruntime:undname.obj
 0001:00016cbe       ?getVfTableType@UnDecorator@@CA?AVDName@@ABV2@@Z 10017cbe f i libvcruntime:undname.obj
 0001:00016e3c       ?getZName@UnDecorator@@CA?AVDName@@_N0@Z 10017e3c f   libvcruntime:undname.obj
 0001:00017049       ?haveTemplateParameters@UnDecorator@@SAHXZ 10018049 f i libvcruntime:undname.obj
 0001:00017054       ?isArray@DName@@QBEHXZ     10018054 f i libvcruntime:undname.obj
 0001:0001705e       ?isComArray@DName@@QBEHXZ  1001805e f i libvcruntime:undname.obj
 0001:00017068       ?isEmpty@DName@@QBEHXZ     10018068 f i libvcruntime:undname.obj
 0001:00017070       ?isFull@Replicator@@QBEHXZ 10018070 f i libvcruntime:undname.obj
 0001:00017079       ?isNoTE@DName@@QBEHXZ      10018079 f i libvcruntime:undname.obj
 0001:00017083       ?isPinPtr@DName@@QBEHXZ    10018083 f i libvcruntime:undname.obj
 0001:0001708d       ?isPtrRef@DName@@QBEHXZ    1001808d f i libvcruntime:undname.obj
 0001:00017097       ?isUDC@DName@@QBEHXZ       10018097 f i libvcruntime:undname.obj
 0001:000170a8       ?isUDTThunk@DName@@QBEHXZ  100180a8 f i libvcruntime:undname.obj
 0001:000170b9       ?isVCallThunk@DName@@QBEHXZ 100180b9 f i libvcruntime:undname.obj
 0001:000170c3       ?isValid@DName@@QBEHXZ     100180c3 f i libvcruntime:undname.obj
 0001:000170cd       ?length@DName@@QBEHXZ      100180cd f i libvcruntime:undname.obj
 0001:000170ec       ?length@DNameStatusNode@@UBEHXZ 100180ec f i libvcruntime:undname.obj
 0001:000170f0       ?length@charNode@@UBEHXZ   100180f0 f i libvcruntime:undname.obj
 0001:000170f4       ?length@pDNameNode@@UBEHXZ 100180f4 f i libvcruntime:undname.obj
 0001:0001711a       ?length@pairNode@@UBEHXZ   1001811a f i libvcruntime:undname.obj
 0001:00017162       ?length@pcharNode@@UBEHXZ  10018162 f i libvcruntime:undname.obj
 0001:00017166       ?make@DNameStatusNode@@SAPBV1@W4DNameStatus@@@Z 10018166 f i libvcruntime:undname.obj
 0001:00017182       ?parseDecoratedName@UnDecorator@@CA?AVDName@@XZ 10018182 f   libvcruntime:undname.obj
 0001:0001726b       ?setIsArray@DName@@QAEXXZ  1001826b f i libvcruntime:undname.obj
 0001:00017273       ?setIsComArray@DName@@QAEXXZ 10018273 f i libvcruntime:undname.obj
 0001:0001727b       ?setIsNoTE@DName@@QAEXXZ   1001827b f i libvcruntime:undname.obj
 0001:00017283       ?setIsPinPtr@DName@@QAEXXZ 10018283 f i libvcruntime:undname.obj
 0001:0001728b       ?setIsUDC@DName@@QAEXXZ    1001828b f i libvcruntime:undname.obj
 0001:00017298       ?setIsVCallThunk@DName@@QAEXXZ 10018298 f i libvcruntime:undname.obj
 0001:000172a0       ?setPtrRef@DName@@QAEAAV1@XZ 100182a0 f i libvcruntime:undname.obj
 0001:000172aa       ?status@DName@@QBE?AW4DNameStatus@@XZ 100182aa f i libvcruntime:undname.obj
 0001:00017316       ___unDName                 10018316 f   libvcruntime:undname.obj
 0001:00017339       ___unDNameEx               10018339 f   libvcruntime:undname.obj
 0001:000173ce       __vsprintf_s_l             100183ce f i libvcruntime:undname.obj
 0001:000173fb       _sprintf_s                 100183fb f i libvcruntime:undname.obj
 0001:00017417       _unDNameGenerateCHPE       10018417 f   libvcruntime:undname.obj
 0001:00017473       ??$?RU__vcrt_ptd@@@__crt_internal_free_policy@@QBEXQBU__vcrt_ptd@@@Z 10018473 f i libvcruntime:per_thread_data.obj
 0001:00017483       ??0?$__crt_unique_heap_ptr@U__vcrt_ptd@@U__crt_internal_free_policy@@@@QAE@QAU__vcrt_ptd@@@Z 10018483 f i libvcruntime:per_thread_data.obj
 0001:000174a0       ??1?$__crt_unique_heap_ptr@U__vcrt_ptd@@U__crt_internal_free_policy@@@@QAE@XZ 100184a0 f i libvcruntime:per_thread_data.obj
 0001:000174b9       ??B?$__crt_unique_heap_ptr@U__vcrt_ptd@@U__crt_internal_free_policy@@@@QBE_NXZ 100184b9 f i libvcruntime:per_thread_data.obj
 0001:000174c0       ?detach@?$__crt_unique_heap_ptr@U__vcrt_ptd@@U__crt_internal_free_policy@@@@QAEPAU__vcrt_ptd@@XZ 100184c0 f i libvcruntime:per_thread_data.obj
 0001:000174c6       ?get@?$__crt_unique_heap_ptr@U__vcrt_ptd@@U__crt_internal_free_policy@@@@QBEPAU__vcrt_ptd@@XZ 100184c6 f i libvcruntime:per_thread_data.obj
 0001:000174c9       ?is_valid@?$__crt_unique_heap_ptr@U__vcrt_ptd@@U__crt_internal_free_policy@@@@QBE_NXZ 100184c9 f i libvcruntime:per_thread_data.obj
 0001:000174d0       ?release@?$__crt_unique_heap_ptr@U__vcrt_ptd@@U__crt_internal_free_policy@@@@QAEXXZ 100184d0 f i libvcruntime:per_thread_data.obj
 0001:000174fa       ___vcrt_freefls@4          100184fa f   libvcruntime:per_thread_data.obj
 0001:00017516       ___vcrt_freeptd            10018516 f   libvcruntime:per_thread_data.obj
 0001:00017559       ___vcrt_getptd             10018559 f   libvcruntime:per_thread_data.obj
 0001:00017567       ___vcrt_getptd_noexit      10018567 f   libvcruntime:per_thread_data.obj
 0001:000175f9       ___vcrt_getptd_noinit      100185f9 f   libvcruntime:per_thread_data.obj
 0001:00017630       ___vcrt_initialize_ptd     10018630 f   libvcruntime:per_thread_data.obj
 0001:00017674       ___vcrt_uninitialize_ptd   10018674 f   libvcruntime:per_thread_data.obj
 0001:0001768f       ___vcrt_initialize_locks   1001868f f   libvcruntime:locks.obj
 0001:000176cb       ___vcrt_lock               100186cb f   libvcruntime:locks.obj
 0001:000176e0       ___vcrt_uninitialize_locks 100186e0 f   libvcruntime:locks.obj
 0001:0001770f       ___vcrt_unlock             1001870f f   libvcruntime:locks.obj
 0001:00017724       ??$?BX@__crt_fast_encoded_nullptr_t@@QBEPAXXZ 10018724 f i libvcruntime:winapi_downlevel.obj
 0001:0001772a       ??$__crt_fast_decode_pointer@PAX@@YAPAXQAX@Z 1001872a f i libvcruntime:winapi_downlevel.obj
 0001:0001773e       ??$__crt_fast_encode_pointer@PAX@@YAPAXQAX@Z 1001873e f i libvcruntime:winapi_downlevel.obj
 0001:0001775b       ??$__crt_interlocked_exchange_pointer@UHINSTANCE__@@PAU1@@@YAPAUHINSTANCE__@@PDSAU0@QAU0@@Z 1001875b f i libvcruntime:winapi_downlevel.obj
 0001:00017768       ??$__crt_interlocked_exchange_pointer@UHINSTANCE__@@PAX@@YAPAUHINSTANCE__@@PDSAU0@QAX@Z 10018768 f i libvcruntime:winapi_downlevel.obj
 0001:00017775       ??$__crt_interlocked_exchange_pointer@XPAX@@YAPAXPDSAXQAX@Z 10018775 f i libvcruntime:winapi_downlevel.obj
 0001:00017782       ??$__crt_interlocked_read_pointer@UHINSTANCE__@@@@YAPAUHINSTANCE__@@PDSAU0@@Z 10018782 f i libvcruntime:winapi_downlevel.obj
 0001:0001778c       ??$__crt_interlocked_read_pointer@X@@YAPAXPDSAX@Z 1001878c f i libvcruntime:winapi_downlevel.obj
 0001:00017796       ?__crt_fast_encode_pointer@@YA?AU__crt_fast_encoded_nullptr_t@@$$T@Z 10018796 f i libvcruntime:winapi_downlevel.obj
 0001:00017a2e       ___vcrt_FlsAlloc           10018a2e f   libvcruntime:winapi_downlevel.obj
 0001:00017a69       ___vcrt_FlsFree            10018a69 f   libvcruntime:winapi_downlevel.obj
 0001:00017aa4       ___vcrt_FlsGetValue        10018aa4 f   libvcruntime:winapi_downlevel.obj
 0001:00017adf       ___vcrt_FlsSetValue        10018adf f   libvcruntime:winapi_downlevel.obj
 0001:00017b1d       ___vcrt_InitializeCriticalSectionEx 10018b1d f   libvcruntime:winapi_downlevel.obj
 0001:00017b64       ___vcrt_initialize_winapi_thunks 10018b64 f   libvcruntime:winapi_downlevel.obj
 0001:00017b8d       ___vcrt_uninitialize_winapi_thunks 10018b8d f   libvcruntime:winapi_downlevel.obj
 0001:00017bbf       ??$?B$$A6AXXZ@__crt_fast_encoded_nullptr_t@@QBEP6AXXZXZ 10018bbf f i libvcruntime:purevirt_data.obj
 0001:00017bc5       ??$__crt_fast_encode_pointer@P6AXXZ@@YAP6AXXZQ6AXXZ@Z 10018bc5 f i libvcruntime:purevirt_data.obj
 0001:00017be2       ___vcrt_initialize_pure_virtual_call_handler 10018be2 f   libvcruntime:purevirt_data.obj
 0001:00017bf0       __global_unwind2           10018bf0 f   libvcruntime:_exsup_.obj
 0001:00017c56       __local_unwind2            10018c56 f   libvcruntime:_exsup_.obj
 0001:00017cda       __abnormal_termination     10018cda f   libvcruntime:_exsup_.obj
 0001:00017d00       __NLG_Notify1              10018d00 f   libvcruntime:_exsup_.obj
 0001:00017d0c       __NLG_Notify               10018d0c f   libvcruntime:_exsup_.obj
 0001:00017d23       __NLG_Dispatch             10018d23     libvcruntime:_exsup_.obj
 0001:00017d23       __NLG_Dispatch2            10018d23     libvcruntime:_exsup_.obj
 0001:00017d2b       __NLG_Call                 10018d2b f   libvcruntime:_exsup_.obj
 0001:00017d2d       __NLG_Return2              10018d2d     libvcruntime:_exsup_.obj
 0001:00017d2e       ??$__crt_fast_decode_pointer@P6AXXZ@@YAP6AXXZQ6AXXZ@Z 10018d2e f i libvcruntime:purevirt.obj
 0001:00017d42       ??$__crt_interlocked_exchange_pointer@$$A6AXXZP6AXXZ@@YAP6AXXZPDS6AXXZQ6AXXZ@Z 10018d42 f i libvcruntime:purevirt.obj
 0001:00017d4f       ??$__crt_interlocked_read_pointer@$$A6AXXZ@@YAP6AXXZPDS6AXXZ@Z 10018d4f f i libvcruntime:purevirt.obj
 0001:00017d59       __get_purecall_handler     10018d59 f   libvcruntime:purevirt.obj
 0001:00017d6e       __purecall                 10018d6e f   libvcruntime:purevirt.obj
 0001:00017d97       __set_purecall_handler     10018d97 f   libvcruntime:purevirt.obj
 0001:00017dbc       ?_CallCatchBlock2@@YAPAXPAUEHRegistrationNode@@PBU_s_FuncInfo@@PAXHK@Z 10018dbc f   libvcruntime:trnsctrl.obj
 0001:00017e1c       ?_CallSETranslator@@YAHPAUEHExceptionRecord@@PAUEHRegistrationNode@@PAX2PBU_s_FuncInfo@@H1@Z 10018e1c f   libvcruntime:trnsctrl.obj
 0001:00017ef9       ?_GetRangeOfTrysToCheck@@YAPBU_s_TryBlockMapEntry@@PBU_s_FuncInfo@@HHPAI1@Z 10018ef9 f   libvcruntime:trnsctrl.obj
 0001:00017f71       ?_JumpToContinuation@@YGXPAXPAUEHRegistrationNode@@@Z 10018f71 f   libvcruntime:trnsctrl.obj
 0001:00017fa3       ?_UnwindNestedFrames@@YGXPAUEHRegistrationNode@@PAUEHExceptionRecord@@@Z 10018fa3 f   libvcruntime:trnsctrl.obj
 0001:00017ff8       __CatchGuardHandler        10018ff8 f   libvcruntime:trnsctrl.obj
 0001:00018029       __CreateFrameInfo          10019029 f   libvcruntime:trnsctrl.obj
 0001:0001804d       __FindAndUnlinkFrame       1001904d f   libvcruntime:trnsctrl.obj
 0001:00018092       __TranslatorGuardHandler   10019092 f   libvcruntime:trnsctrl.obj
 0001:00018131       ___CxxFrameHandler         10019131 f   libvcruntime:trnsctrl.obj
 0001:00018167       ___CxxFrameHandler2        10019167 f   libvcruntime:trnsctrl.obj
 0001:0001819d       ___CxxFrameHandler3        1001919d f   libvcruntime:trnsctrl.obj
 0001:000181d3       ___CxxLongjmpUnwind@4      100191d3 f   libvcruntime:trnsctrl.obj
 0001:00018200       _memcpy                    10019200 f   libvcruntime:memcpy.obj
 0001:00018780       __CallSettingFrame@12      10019780 f   libvcruntime:lowhelpr.obj
 0001:000187a7       __NLG_Return               100197a7     libvcruntime:lowhelpr.obj
 0001:000187cc       ??0bad_exception@std@@QAE@ABV01@@Z 100197cc f i libvcruntime:frame.obj
 0001:000187e7       ??0bad_exception@std@@QAE@XZ 100197e7 f i libvcruntime:frame.obj
 0001:000187ff       ??0exception@std@@QAE@ABV01@@Z 100197ff f i libvcruntime:frame.obj
 0001:0001882b       ??0exception@std@@QAE@QBDH@Z 1001982b f i libvcruntime:frame.obj
 0001:00018848       ??1bad_exception@std@@UAE@XZ 10019848 f i libvcruntime:frame.obj
 0001:00018859       ??1exception@std@@UAE@XZ   10019859 f i libvcruntime:frame.obj
 0001:0001886a       ??8type_info@@QBE_NABV0@@Z 1001986a f i libvcruntime:frame.obj
 0001:00018889       ??_Ebad_exception@std@@UAEPAXI@Z 10019889 f i libvcruntime:frame.obj
 0001:00018889       ??_Gbad_exception@std@@UAEPAXI@Z 10019889 f i libvcruntime:frame.obj
 0001:000188b6       ??_Eexception@std@@UAEPAXI@Z 100198b6 f i libvcruntime:frame.obj
 0001:000188b6       ??_Gexception@std@@UAEPAXI@Z 100198b6 f i libvcruntime:frame.obj
 0001:0001910d       ?_CallMemberFunction1@@YGXQAX00@Z 1001a10d f i libvcruntime:frame.obj
 0001:0001911d       ?_CallMemberFunction2@@YGXQAX00H@Z 1001a11d f i libvcruntime:frame.obj
 0001:00019130       ?_ValidateExecute@@YA_NP6GHXZ@Z 1001a130 f i libvcruntime:frame.obj
 0001:0001913c       ?_ValidateRead@@YA_NPBXI@Z 1001a13c f i libvcruntime:frame.obj
 0001:00019148       ?_ValidateWrite@@YA_NPAXI@Z 1001a148 f i libvcruntime:frame.obj
 0001:00019154       ?what@exception@std@@UBEPBDXZ 1001a154 f i libvcruntime:frame.obj
 0001:00019161       ___BuildCatchObject        1001a161 f   libvcruntime:frame.obj
 0001:000191f0       ___BuildCatchObjectHelper  1001a1f0 f   libvcruntime:frame.obj
 0001:00019324       ___FrameUnwindToState      1001a324 f   libvcruntime:frame.obj
 0001:000193f1       ___InternalCxxFrameHandler 1001a3f1 f   libvcruntime:frame.obj
 0001:000194ee       ___TypeMatch               1001a4ee f   libvcruntime:frame.obj
 0001:0001957c       ___vcrt_EncodePointer      1001a57c f i libvcruntime:frame.obj
 0001:0001959e       __get_unexpected           1001a59e f   libvcruntime:unexpected.obj
 0001:000195b0       _set_unexpected            1001a5b0 f   libvcruntime:unexpected.obj
 0001:000195ce       _unexpected                1001a5ce f   libvcruntime:unexpected.obj
 0001:000195eb       ___DestructExceptionObject 1001a5eb f   libvcruntime:ehhelpers.obj
 0001:00019681       ?_CallMemberFunction0@@YGXQAX0@Z 1001a681 f i libvcruntime:ehhelpers.obj
 0001:0001968e       ?raw_name@type_info@@QBEPBDXZ 1001a68e f i libvcruntime:ehhelpers.obj
 0001:00019692       __IsExceptionObjectToBeDestroyed 1001a692 f   libvcruntime:ehhelpers.obj
 0001:000196b8       __SetWinRTOutOfMemoryExceptionCallback 1001a6b8 f   libvcruntime:ehhelpers.obj
 0001:000196c5       ___AdjustPointer           1001a6c5 f   libvcruntime:ehhelpers.obj
 0001:000196ea       ___FrameUnwindFilter       1001a6ea f   libvcruntime:ehhelpers.obj
 0001:0001972f       ___GetPlatformExceptionInfo 1001a72f f   libvcruntime:ehhelpers.obj
 0001:0001977d       ___current_exception       1001a77d f   libvcruntime:ehhelpers.obj
 0001:00019786       ___current_exception_context 1001a786 f   libvcruntime:ehhelpers.obj
 0001:0001978f       ___processing_throw        1001a78f f   libvcruntime:ehhelpers.obj
 0001:00019798       ___std_terminate           1001a798 f   libvcruntime:ehhelpers.obj
 0001:0001979d       __is_exception_typeof      1001a79d f   libvcruntime:ehhelpers.obj
 0001:00019841       ??$?RD@__crt_public_free_policy@@QBEXQBD@Z 1001a841 f i libvcruntime:std_exception.obj
 0001:00019851       ??0?$__crt_unique_heap_ptr@DU__crt_public_free_policy@@@@QAE@QAD@Z 1001a851 f i libvcruntime:std_exception.obj
 0001:0001985f       ??1?$__crt_unique_heap_ptr@DU__crt_public_free_policy@@@@QAE@XZ 1001a85f f i libvcruntime:std_exception.obj
 0001:0001986f       ??B?$__crt_unique_heap_ptr@DU__crt_public_free_policy@@@@QBE_NXZ 1001a86f f i libvcruntime:std_exception.obj
 0001:00019876       ?detach@?$__crt_unique_heap_ptr@DU__crt_public_free_policy@@@@QAEPADXZ 1001a876 f i libvcruntime:std_exception.obj
 0001:0001987c       ?get@?$__crt_unique_heap_ptr@DU__crt_public_free_policy@@@@QBEPADXZ 1001a87c f i libvcruntime:std_exception.obj
 0001:0001987f       ?is_valid@?$__crt_unique_heap_ptr@DU__crt_public_free_policy@@@@QBE_NXZ 1001a87f f i libvcruntime:std_exception.obj
 0001:00019886       ?release@?$__crt_unique_heap_ptr@DU__crt_public_free_policy@@@@QAEXXZ 1001a886 f i libvcruntime:std_exception.obj
 0001:00019896       ___std_exception_copy      1001a896 f   libvcruntime:std_exception.obj
 0001:000198f9       ___std_exception_destroy   1001a8f9 f   libvcruntime:std_exception.obj
 0001:00019918       __CxxThrowException@8      1001a918 f   libvcruntime:throw.obj
 0001:00019990       _memmove                   1001a990 f   libvcruntime:memmove.obj
 0001:0001a286       __lseek                    1001b286 f   libucrt:lseek.obj
 0001:0001a291       __lseek_nolock             1001b291 f   libucrt:lseek.obj
 0001:0001a29c       __lseeki64                 1001b29c f   libucrt:lseek.obj
 0001:0001a2b7       __lseeki64_nolock          1001b2b7 f   libucrt:lseek.obj
 0001:0001a356       ??$__acrt_mbs_to_wcs_cp@U__crt_win32_buffer_internal_dynamic_resizing@@@@YAHQBDAAV?$__crt_win32_buffer@_WU__crt_win32_buffer_internal_dynamic_resizing@@@@I@Z 1001b356 f i libucrt:open.obj
 0001:0001a375       ??$__vcrt_va_start_verify_argument_type@$$CBH@@YAXXZ 1001b375 f i libucrt:open.obj
 0001:0001a638       ??$tsopen_nolock@PAHABQAHABQBDABHABHABHABH@?$__crt_char_traits@D@@SAH$$QAPAHABQAHABQBDABH333@Z 1001b638 f i libucrt:open.obj
 0001:0001a66a       ??$tsopen_nolock@PAHABQAHABQB_WABHABHABHABH@?$__crt_char_traits@_W@@SAH$$QAPAHABQAHABQB_WABH333@Z 1001b66a f i libucrt:open.obj
 0001:0001a69c       ??$tsopen_nolock@PAHPAHABQBDABHHABHH@?$__crt_char_traits@D@@SAH$$QAPAH0ABQBDABH$$QAH23@Z 1001b69c f i libucrt:open.obj
 0001:0001a6ce       ??$tsopen_nolock@PAHPAHABQB_WABHHABHH@?$__crt_char_traits@_W@@SAH$$QAPAH0ABQB_WABH$$QAH23@Z 1001b6ce f i libucrt:open.obj
 0001:0001a700       ??0?$__crt_win32_buffer@_WU__crt_win32_buffer_internal_dynamic_resizing@@@@QAE@XZ 1001b700 f i libucrt:open.obj
 0001:0001a716       ??0_LocaleUpdate@@QAE@QAU__crt_locale_pointers@@@Z 1001b716 f i libucrt:open.obj
 0001:0001a799       ??1?$__crt_win32_buffer@_WU__crt_win32_buffer_internal_dynamic_resizing@@@@QAE@XZ 1001b799 f i libucrt:open.obj
 0001:0001a79e       ??1_LocaleUpdate@@QAE@XZ   1001b79e f i libucrt:open.obj
 0001:0001a7cf       ?GetLocaleT@_LocaleUpdate@@QAEPAU__crt_locale_pointers@@XZ 1001b7cf f i libucrt:open.obj
 0001:0001a7d3       ?__acrt_get_utf8_acp_compatibility_codepage@@YAIXZ 1001b7d3 f i libucrt:open.obj
 0001:0001a814       ?_deallocate@?$__crt_win32_buffer@_WU__crt_win32_buffer_internal_dynamic_resizing@@@@AAEXXZ 1001b814 f i libucrt:open.obj
 0001:0001a82e       ?allocate@?$__crt_win32_buffer@_WU__crt_win32_buffer_internal_dynamic_resizing@@@@QAEHI@Z 1001b82e f i libucrt:open.obj
 0001:0001a86d       ?allocate@__crt_win32_buffer_internal_dynamic_resizing@@SAHQAPAXIABV__crt_win32_buffer_empty_debug_info@@@Z 1001b86d f i libucrt:open.obj
 0001:0001a88c       ?capacity@?$__crt_win32_buffer@_WU__crt_win32_buffer_internal_dynamic_resizing@@@@QBEIXZ 1001b88c f i libucrt:open.obj
 0001:0001aafe       ?data@?$__crt_win32_buffer@_WU__crt_win32_buffer_internal_dynamic_resizing@@@@QAEPA_WXZ 1001bafe f i libucrt:open.obj
 0001:0001ab02       ?deallocate@__crt_win32_buffer_internal_dynamic_resizing@@SAXQAXABV__crt_win32_buffer_empty_debug_info@@@Z 1001bb02 f i libucrt:open.obj
 0001:0001ab12       ?debug_info@?$__crt_win32_buffer@_WU__crt_win32_buffer_internal_dynamic_resizing@@@@QBEABV__crt_win32_buffer_empty_debug_info@@XZ 1001bb12 f i libucrt:open.obj
 0001:0001ae01       ?size@?$__crt_win32_buffer@_WU__crt_win32_buffer_internal_dynamic_resizing@@@@QAEXI@Z 1001be01 f i libucrt:open.obj
 0001:0001aec0       ___acrt_locale_changed     1001bec0 f i libucrt:open.obj
 0001:0001aecb       __invoke_watson_if_error   1001becb f i libucrt:open.obj
 0001:0001aeed       __open                     1001beed f   libucrt:open.obj
 0001:0001af05       __sopen                    1001bf05 f   libucrt:open.obj
 0001:0001af3a       __sopen_dispatch           1001bf3a f   libucrt:open.obj
 0001:0001af45       __sopen_nolock             1001bf45 f   libucrt:open.obj
 0001:0001afb5       __sopen_s                  1001bfb5 f   libucrt:open.obj
 0001:0001afd5       __wopen                    1001bfd5 f   libucrt:open.obj
 0001:0001afed       __wsopen                   1001bfed f   libucrt:open.obj
 0001:0001b022       __wsopen_dispatch          1001c022 f   libucrt:open.obj
 0001:0001b02d       __wsopen_nolock            1001c02d f   libucrt:open.obj
 0001:0001b359       __wsopen_s                 1001c359 f   libucrt:open.obj
 0001:0001b659       __wcstombs_l               1001c659 f   libucrt:wcstombs.obj
 0001:0001b664       __wcstombs_s_l             1001c664 f   libucrt:wcstombs.obj
 0001:0001b731       _wcstombs                  1001c731 f   libucrt:wcstombs.obj
 0001:0001b74b       _wcstombs_s                1001c74b f   libucrt:wcstombs.obj
 0001:0001b76b       ??$?0ABV?$stream_output_adapter@D@__crt_stdio_output@@AB_KABQBDABQAU__crt_locale_pointers@@ABQAD@?$format_validation_base@DV?$stream_output_adapter@D@__crt_stdio_output@@@__crt_stdio_output@@IAE@ABV?$stream_output_adapter@D@1@AB_KABQBDABQAU__crt_locale_pointers@@ABQAD@Z 1001c76b f i libucrt:output.obj
 0001:0001b78e       ??$?0ABV?$stream_output_adapter@D@__crt_stdio_output@@AB_KABQBDABQAU__crt_locale_pointers@@ABQAD@?$positional_parameter_base@DV?$stream_output_adapter@D@__crt_stdio_output@@@__crt_stdio_output@@IAE@ABV?$stream_output_adapter@D@1@AB_KABQBDABQAU__crt_locale_pointers@@ABQAD@Z 1001c78e f i libucrt:output.obj
 0001:0001b7d6       ??$?0ABV?$stream_output_adapter@D@__crt_stdio_output@@AB_KABQBDABQAU__crt_locale_pointers@@ABQAD@?$standard_base@DV?$stream_output_adapter@D@__crt_stdio_output@@@__crt_stdio_output@@IAE@ABV?$stream_output_adapter@D@1@AB_KABQBDABQAU__crt_locale_pointers@@ABQAD@Z 1001c7d6 f i libucrt:output.obj
 0001:0001b80b       ??$?0ABV?$stream_output_adapter@_W@__crt_stdio_output@@AB_KABQB_WABQAU__crt_locale_pointers@@ABQAD@?$format_validation_base@_WV?$stream_output_adapter@_W@__crt_stdio_output@@@__crt_stdio_output@@IAE@ABV?$stream_output_adapter@_W@1@AB_KABQB_WABQAU__crt_locale_pointers@@ABQAD@Z 1001c80b f i libucrt:output.obj
 0001:0001b82e       ??$?0ABV?$stream_output_adapter@_W@__crt_stdio_output@@AB_KABQB_WABQAU__crt_locale_pointers@@ABQAD@?$positional_parameter_base@_WV?$stream_output_adapter@_W@__crt_stdio_output@@@__crt_stdio_output@@IAE@ABV?$stream_output_adapter@_W@1@AB_KABQB_WABQAU__crt_locale_pointers@@ABQAD@Z 1001c82e f i libucrt:output.obj
 0001:0001b876       ??$?0ABV?$stream_output_adapter@_W@__crt_stdio_output@@AB_KABQB_WABQAU__crt_locale_pointers@@ABQAD@?$standard_base@_WV?$stream_output_adapter@_W@__crt_stdio_output@@@__crt_stdio_output@@IAE@ABV?$stream_output_adapter@_W@1@AB_KABQB_WABQAU__crt_locale_pointers@@ABQAD@Z 1001c876 f i libucrt:output.obj
 0001:0001b8ab       ??$?0ABV?$string_output_adapter@D@__crt_stdio_output@@AB_KABQBDABQAU__crt_locale_pointers@@ABQAD@?$format_validation_base@DV?$string_output_adapter@D@__crt_stdio_output@@@__crt_stdio_output@@IAE@ABV?$string_output_adapter@D@1@AB_KABQBDABQAU__crt_locale_pointers@@ABQAD@Z 1001c8ab f i libucrt:output.obj
 0001:0001b8ce       ??$?0ABV?$string_output_adapter@D@__crt_stdio_output@@AB_KABQBDABQAU__crt_locale_pointers@@ABQAD@?$positional_parameter_base@DV?$string_output_adapter@D@__crt_stdio_output@@@__crt_stdio_output@@IAE@ABV?$string_output_adapter@D@1@AB_KABQBDABQAU__crt_locale_pointers@@ABQAD@Z 1001c8ce f i libucrt:output.obj
 0001:0001b916       ??$?0ABV?$string_output_adapter@D@__crt_stdio_output@@AB_KABQBDABQAU__crt_locale_pointers@@ABQAD@?$standard_base@DV?$string_output_adapter@D@__crt_stdio_output@@@__crt_stdio_output@@IAE@ABV?$string_output_adapter@D@1@AB_KABQBDABQAU__crt_locale_pointers@@ABQAD@Z 1001c916 f i libucrt:output.obj
 0001:0001b94b       ??$?0ABV?$string_output_adapter@_W@__crt_stdio_output@@AB_KABQB_WABQAU__crt_locale_pointers@@ABQAD@?$format_validation_base@_WV?$string_output_adapter@_W@__crt_stdio_output@@@__crt_stdio_output@@IAE@ABV?$string_output_adapter@_W@1@AB_KABQB_WABQAU__crt_locale_pointers@@ABQAD@Z 1001c94b f i libucrt:output.obj
 0001:0001b96e       ??$?0ABV?$string_output_adapter@_W@__crt_stdio_output@@AB_KABQB_WABQAU__crt_locale_pointers@@ABQAD@?$positional_parameter_base@_WV?$string_output_adapter@_W@__crt_stdio_output@@@__crt_stdio_output@@IAE@ABV?$string_output_adapter@_W@1@AB_KABQB_WABQAU__crt_locale_pointers@@ABQAD@Z 1001c96e f i libucrt:output.obj
 0001:0001b9b6       ??$?0ABV?$string_output_adapter@_W@__crt_stdio_output@@AB_KABQB_WABQAU__crt_locale_pointers@@ABQAD@?$standard_base@_WV?$string_output_adapter@_W@__crt_stdio_output@@@__crt_stdio_output@@IAE@ABV?$string_output_adapter@_W@1@AB_KABQB_WABQAU__crt_locale_pointers@@ABQAD@Z 1001c9b6 f i libucrt:output.obj
 0001:0001bcc1       ??$__crt_interlocked_read@J@@YAJPDJ@Z 1001ccc1 f i libucrt:output.obj
 0001:0001cb80       ??$count@D@formatting_buffer@__crt_stdio_output@@QBEIXZ 1001db80 f i libucrt:output.obj
 0001:0001cb98       ??$count@_W@formatting_buffer@__crt_stdio_output@@QBEIXZ 1001db98 f i libucrt:output.obj
 0001:0001cbb1       ??$data@D@formatting_buffer@__crt_stdio_output@@QAEPADXZ 1001dbb1 f i libucrt:output.obj
 0001:0001cbbe       ??$data@_W@formatting_buffer@__crt_stdio_output@@QAEPA_WXZ 1001dbbe f i libucrt:output.obj
 0001:0001cbcb       ??$ensure_buffer_is_big_enough@D@formatting_buffer@__crt_stdio_output@@QAE_NI@Z 1001dbcb f i libucrt:output.obj
 0001:0001cc4a       ??$ensure_buffer_is_big_enough@_W@formatting_buffer@__crt_stdio_output@@QAE_NI@Z 1001dc4a f i libucrt:output.obj
 0001:0001ccca       ??$extract_argument_from_va_list@C_J@?$positional_parameter_base@DV?$stream_output_adapter@D@__crt_stdio_output@@@__crt_stdio_output@@IAE_NAA_J@Z 1001dcca f i libucrt:output.obj
 0001:0001cd43       ??$extract_argument_from_va_list@C_J@?$positional_parameter_base@DV?$string_output_adapter@D@__crt_stdio_output@@@__crt_stdio_output@@IAE_NAA_J@Z 1001dd43 f i libucrt:output.obj
 0001:0001cdbc       ??$extract_argument_from_va_list@C_J@?$positional_parameter_base@_WV?$stream_output_adapter@_W@__crt_stdio_output@@@__crt_stdio_output@@IAE_NAA_J@Z 1001ddbc f i libucrt:output.obj
 0001:0001ce35       ??$extract_argument_from_va_list@C_J@?$positional_parameter_base@_WV?$string_output_adapter@_W@__crt_stdio_output@@@__crt_stdio_output@@IAE_NAA_J@Z 1001de35 f i libucrt:output.obj
 0001:0001ceae       ??$extract_argument_from_va_list@C_J@?$standard_base@DV?$stream_output_adapter@D@__crt_stdio_output@@@__crt_stdio_output@@IAE_NAA_J@Z 1001deae f i libucrt:output.obj
 0001:0001cecd       ??$extract_argument_from_va_list@C_J@?$standard_base@DV?$string_output_adapter@D@__crt_stdio_output@@@__crt_stdio_output@@IAE_NAA_J@Z 1001decd f i libucrt:output.obj
 0001:0001ceec       ??$extract_argument_from_va_list@C_J@?$standard_base@_WV?$stream_output_adapter@_W@__crt_stdio_output@@@__crt_stdio_output@@IAE_NAA_J@Z 1001deec f i libucrt:output.obj
 0001:0001cf0b       ??$extract_argument_from_va_list@C_J@?$standard_base@_WV?$string_output_adapter@_W@__crt_stdio_output@@@__crt_stdio_output@@IAE_NAA_J@Z 1001df0b f i libucrt:output.obj
 0001:0001cf2a       ??$extract_argument_from_va_list@E_J@?$positional_parameter_base@DV?$stream_output_adapter@D@__crt_stdio_output@@@__crt_stdio_output@@IAE_NAA_J@Z 1001df2a f i libucrt:output.obj
 0001:0001cfa3       ??$extract_argument_from_va_list@E_J@?$positional_parameter_base@DV?$string_output_adapter@D@__crt_stdio_output@@@__crt_stdio_output@@IAE_NAA_J@Z 1001dfa3 f i libucrt:output.obj
 0001:0001d01c       ??$extract_argument_from_va_list@E_J@?$positional_parameter_base@_WV?$stream_output_adapter@_W@__crt_stdio_output@@@__crt_stdio_output@@IAE_NAA_J@Z 1001e01c f i libucrt:output.obj
 0001:0001d095       ??$extract_argument_from_va_list@E_J@?$positional_parameter_base@_WV?$string_output_adapter@_W@__crt_stdio_output@@@__crt_stdio_output@@IAE_NAA_J@Z 1001e095 f i libucrt:output.obj
 0001:0001d10e       ??$extract_argument_from_va_list@E_J@?$standard_base@DV?$stream_output_adapter@D@__crt_stdio_output@@@__crt_stdio_output@@IAE_NAA_J@Z 1001e10e f i libucrt:output.obj
 0001:0001d12d       ??$extract_argument_from_va_list@E_J@?$standard_base@DV?$string_output_adapter@D@__crt_stdio_output@@@__crt_stdio_output@@IAE_NAA_J@Z 1001e12d f i libucrt:output.obj
 0001:0001d14c       ??$extract_argument_from_va_list@E_J@?$standard_base@_WV?$stream_output_adapter@_W@__crt_stdio_output@@@__crt_stdio_output@@IAE_NAA_J@Z 1001e14c f i libucrt:output.obj
 0001:0001d16b       ??$extract_argument_from_va_list@E_J@?$standard_base@_WV?$string_output_adapter@_W@__crt_stdio_output@@@__crt_stdio_output@@IAE_NAA_J@Z 1001e16b f i libucrt:output.obj
 0001:0001d18a       ??$extract_argument_from_va_list@F_J@?$positional_parameter_base@DV?$stream_output_adapter@D@__crt_stdio_output@@@__crt_stdio_output@@IAE_NAA_J@Z 1001e18a f i libucrt:output.obj
 0001:0001d203       ??$extract_argument_from_va_list@F_J@?$positional_parameter_base@DV?$string_output_adapter@D@__crt_stdio_output@@@__crt_stdio_output@@IAE_NAA_J@Z 1001e203 f i libucrt:output.obj
 0001:0001d27c       ??$extract_argument_from_va_list@F_J@?$positional_parameter_base@_WV?$stream_output_adapter@_W@__crt_stdio_output@@@__crt_stdio_output@@IAE_NAA_J@Z 1001e27c f i libucrt:output.obj
 0001:0001d2f5       ??$extract_argument_from_va_list@F_J@?$positional_parameter_base@_WV?$string_output_adapter@_W@__crt_stdio_output@@@__crt_stdio_output@@IAE_NAA_J@Z 1001e2f5 f i libucrt:output.obj
 0001:0001d36e       ??$extract_argument_from_va_list@F_J@?$standard_base@DV?$stream_output_adapter@D@__crt_stdio_output@@@__crt_stdio_output@@IAE_NAA_J@Z 1001e36e f i libucrt:output.obj
 0001:0001d38d       ??$extract_argument_from_va_list@F_J@?$standard_base@DV?$string_output_adapter@D@__crt_stdio_output@@@__crt_stdio_output@@IAE_NAA_J@Z 1001e38d f i libucrt:output.obj
 0001:0001d3ac       ??$extract_argument_from_va_list@F_J@?$standard_base@_WV?$stream_output_adapter@_W@__crt_stdio_output@@@__crt_stdio_output@@IAE_NAA_J@Z 1001e3ac f i libucrt:output.obj
 0001:0001d3cb       ??$extract_argument_from_va_list@F_J@?$standard_base@_WV?$string_output_adapter@_W@__crt_stdio_output@@@__crt_stdio_output@@IAE_NAA_J@Z 1001e3cb f i libucrt:output.obj
 0001:0001d3ea       ??$extract_argument_from_va_list@GD@?$positional_parameter_base@DV?$stream_output_adapter@D@__crt_stdio_output@@@__crt_stdio_output@@IAE_NAAD@Z 1001e3ea f i libucrt:output.obj
 0001:0001d462       ??$extract_argument_from_va_list@GD@?$positional_parameter_base@DV?$string_output_adapter@D@__crt_stdio_output@@@__crt_stdio_output@@IAE_NAAD@Z 1001e462 f i libucrt:output.obj
 0001:0001d4da       ??$extract_argument_from_va_list@GD@?$standard_base@DV?$stream_output_adapter@D@__crt_stdio_output@@@__crt_stdio_output@@IAE_NAAD@Z 1001e4da f i libucrt:output.obj
 0001:0001d4f4       ??$extract_argument_from_va_list@GD@?$standard_base@DV?$string_output_adapter@D@__crt_stdio_output@@@__crt_stdio_output@@IAE_NAAD@Z 1001e4f4 f i libucrt:output.obj
 0001:0001d50e       ??$extract_argument_from_va_list@G_J@?$positional_parameter_base@DV?$stream_output_adapter@D@__crt_stdio_output@@@__crt_stdio_output@@IAE_NAA_J@Z 1001e50e f i libucrt:output.obj
 0001:0001d587       ??$extract_argument_from_va_list@G_J@?$positional_parameter_base@DV?$string_output_adapter@D@__crt_stdio_output@@@__crt_stdio_output@@IAE_NAA_J@Z 1001e587 f i libucrt:output.obj
 0001:0001d600       ??$extract_argument_from_va_list@G_J@?$positional_parameter_base@_WV?$stream_output_adapter@_W@__crt_stdio_output@@@__crt_stdio_output@@IAE_NAA_J@Z 1001e600 f i libucrt:output.obj
 0001:0001d679       ??$extract_argument_from_va_list@G_J@?$positional_parameter_base@_WV?$string_output_adapter@_W@__crt_stdio_output@@@__crt_stdio_output@@IAE_NAA_J@Z 1001e679 f i libucrt:output.obj
 0001:0001d6f2       ??$extract_argument_from_va_list@G_J@?$standard_base@DV?$stream_output_adapter@D@__crt_stdio_output@@@__crt_stdio_output@@IAE_NAA_J@Z 1001e6f2 f i libucrt:output.obj
 0001:0001d711       ??$extract_argument_from_va_list@G_J@?$standard_base@DV?$string_output_adapter@D@__crt_stdio_output@@@__crt_stdio_output@@IAE_NAA_J@Z 1001e711 f i libucrt:output.obj
 0001:0001d730       ??$extract_argument_from_va_list@G_J@?$standard_base@_WV?$stream_output_adapter@_W@__crt_stdio_output@@@__crt_stdio_output@@IAE_NAA_J@Z 1001e730 f i libucrt:output.obj
 0001:0001d74f       ??$extract_argument_from_va_list@G_J@?$standard_base@_WV?$string_output_adapter@_W@__crt_stdio_output@@@__crt_stdio_output@@IAE_NAA_J@Z 1001e74f f i libucrt:output.obj
 0001:0001d76e       ??$extract_argument_from_va_list@H_J@?$positional_parameter_base@DV?$stream_output_adapter@D@__crt_stdio_output@@@__crt_stdio_output@@IAE_NAA_J@Z 1001e76e f i libucrt:output.obj
 0001:0001d7e5       ??$extract_argument_from_va_list@H_J@?$positional_parameter_base@DV?$string_output_adapter@D@__crt_stdio_output@@@__crt_stdio_output@@IAE_NAA_J@Z 1001e7e5 f i libucrt:output.obj
 0001:0001d85c       ??$extract_argument_from_va_list@H_J@?$positional_parameter_base@_WV?$stream_output_adapter@_W@__crt_stdio_output@@@__crt_stdio_output@@IAE_NAA_J@Z 1001e85c f i libucrt:output.obj
 0001:0001d8d3       ??$extract_argument_from_va_list@H_J@?$positional_parameter_base@_WV?$string_output_adapter@_W@__crt_stdio_output@@@__crt_stdio_output@@IAE_NAA_J@Z 1001e8d3 f i libucrt:output.obj
 0001:0001d94a       ??$extract_argument_from_va_list@H_J@?$standard_base@DV?$stream_output_adapter@D@__crt_stdio_output@@@__crt_stdio_output@@IAE_NAA_J@Z 1001e94a f i libucrt:output.obj
 0001:0001d968       ??$extract_argument_from_va_list@H_J@?$standard_base@DV?$string_output_adapter@D@__crt_stdio_output@@@__crt_stdio_output@@IAE_NAA_J@Z 1001e968 f i libucrt:output.obj
 0001:0001d986       ??$extract_argument_from_va_list@H_J@?$standard_base@_WV?$stream_output_adapter@_W@__crt_stdio_output@@@__crt_stdio_output@@IAE_NAA_J@Z 1001e986 f i libucrt:output.obj
 0001:0001d9a4       ??$extract_argument_from_va_list@H_J@?$standard_base@_WV?$string_output_adapter@_W@__crt_stdio_output@@@__crt_stdio_output@@IAE_NAA_J@Z 1001e9a4 f i libucrt:output.obj
 0001:0001d9c2       ??$extract_argument_from_va_list@I_J@?$positional_parameter_base@DV?$stream_output_adapter@D@__crt_stdio_output@@@__crt_stdio_output@@IAE_NAA_J@Z 1001e9c2 f i libucrt:output.obj
 0001:0001da42       ??$extract_argument_from_va_list@I_J@?$positional_parameter_base@DV?$string_output_adapter@D@__crt_stdio_output@@@__crt_stdio_output@@IAE_NAA_J@Z 1001ea42 f i libucrt:output.obj
 0001:0001dac2       ??$extract_argument_from_va_list@I_J@?$positional_parameter_base@_WV?$stream_output_adapter@_W@__crt_stdio_output@@@__crt_stdio_output@@IAE_NAA_J@Z 1001eac2 f i libucrt:output.obj
 0001:0001db42       ??$extract_argument_from_va_list@I_J@?$positional_parameter_base@_WV?$string_output_adapter@_W@__crt_stdio_output@@@__crt_stdio_output@@IAE_NAA_J@Z 1001eb42 f i libucrt:output.obj
 0001:0001dbc2       ??$extract_argument_from_va_list@I_J@?$standard_base@DV?$stream_output_adapter@D@__crt_stdio_output@@@__crt_stdio_output@@IAE_NAA_J@Z 1001ebc2 f i libucrt:output.obj
 0001:0001dbe0       ??$extract_argument_from_va_list@I_J@?$standard_base@DV?$string_output_adapter@D@__crt_stdio_output@@@__crt_stdio_output@@IAE_NAA_J@Z 1001ebe0 f i libucrt:output.obj
 0001:0001dbfe       ??$extract_argument_from_va_list@I_J@?$standard_base@_WV?$stream_output_adapter@_W@__crt_stdio_output@@@__crt_stdio_output@@IAE_NAA_J@Z 1001ebfe f i libucrt:output.obj
 0001:0001dc1c       ??$extract_argument_from_va_list@I_J@?$standard_base@_WV?$string_output_adapter@_W@__crt_stdio_output@@@__crt_stdio_output@@IAE_NAA_J@Z 1001ec1c f i libucrt:output.obj
 0001:0001dc3a       ??$extract_argument_from_va_list@PADPAD@?$positional_parameter_base@DV?$stream_output_adapter@D@__crt_stdio_output@@@__crt_stdio_output@@IAE_NAAPAD@Z 1001ec3a f i libucrt:output.obj
 0001:0001dcb2       ??$extract_argument_from_va_list@PADPAD@?$positional_parameter_base@DV?$string_output_adapter@D@__crt_stdio_output@@@__crt_stdio_output@@IAE_NAAPAD@Z 1001ecb2 f i libucrt:output.obj
 0001:0001dd2a       ??$extract_argument_from_va_list@PADPAD@?$positional_parameter_base@_WV?$stream_output_adapter@_W@__crt_stdio_output@@@__crt_stdio_output@@IAE_NAAPAD@Z 1001ed2a f i libucrt:output.obj
 0001:0001dda2       ??$extract_argument_from_va_list@PADPAD@?$positional_parameter_base@_WV?$string_output_adapter@_W@__crt_stdio_output@@@__crt_stdio_output@@IAE_NAAPAD@Z 1001eda2 f i libucrt:output.obj
 0001:0001de1a       ??$extract_argument_from_va_list@PADPAD@?$standard_base@DV?$stream_output_adapter@D@__crt_stdio_output@@@__crt_stdio_output@@IAE_NAAPAD@Z 1001ee1a f i libucrt:output.obj
 0001:0001de34       ??$extract_argument_from_va_list@PADPAD@?$standard_base@DV?$string_output_adapter@D@__crt_stdio_output@@@__crt_stdio_output@@IAE_NAAPAD@Z 1001ee34 f i libucrt:output.obj
 0001:0001de4e       ??$extract_argument_from_va_list@PADPAD@?$standard_base@_WV?$stream_output_adapter@_W@__crt_stdio_output@@@__crt_stdio_output@@IAE_NAAPAD@Z 1001ee4e f i libucrt:output.obj
 0001:0001de68       ??$extract_argument_from_va_list@PADPAD@?$standard_base@_WV?$string_output_adapter@_W@__crt_stdio_output@@@__crt_stdio_output@@IAE_NAAPAD@Z 1001ee68 f i libucrt:output.obj
 0001:0001e19a       ??$extract_argument_from_va_list@PAXPAX@?$positional_parameter_base@DV?$stream_output_adapter@D@__crt_stdio_output@@@__crt_stdio_output@@IAE_NAAPAX@Z 1001f19a f i libucrt:output.obj
 0001:0001e212       ??$extract_argument_from_va_list@PAXPAX@?$positional_parameter_base@DV?$string_output_adapter@D@__crt_stdio_output@@@__crt_stdio_output@@IAE_NAAPAX@Z 1001f212 f i libucrt:output.obj
 0001:0001e28a       ??$extract_argument_from_va_list@PAXPAX@?$positional_parameter_base@_WV?$stream_output_adapter@_W@__crt_stdio_output@@@__crt_stdio_output@@IAE_NAAPAX@Z 1001f28a f i libucrt:output.obj
 0001:0001e302       ??$extract_argument_from_va_list@PAXPAX@?$positional_parameter_base@_WV?$string_output_adapter@_W@__crt_stdio_output@@@__crt_stdio_output@@IAE_NAAPAX@Z 1001f302 f i libucrt:output.obj
 0001:0001e37a       ??$extract_argument_from_va_list@PAXPAX@?$standard_base@DV?$stream_output_adapter@D@__crt_stdio_output@@@__crt_stdio_output@@IAE_NAAPAX@Z 1001f37a f i libucrt:output.obj
 0001:0001e394       ??$extract_argument_from_va_list@PAXPAX@?$standard_base@DV?$string_output_adapter@D@__crt_stdio_output@@@__crt_stdio_output@@IAE_NAAPAX@Z 1001f394 f i libucrt:output.obj
 0001:0001e3ae       ??$extract_argument_from_va_list@PAXPAX@?$standard_base@_WV?$stream_output_adapter@_W@__crt_stdio_output@@@__crt_stdio_output@@IAE_NAAPAX@Z 1001f3ae f i libucrt:output.obj
 0001:0001e3c8       ??$extract_argument_from_va_list@PAXPAX@?$standard_base@_WV?$string_output_adapter@_W@__crt_stdio_output@@@__crt_stdio_output@@IAE_NAAPAX@Z 1001f3c8 f i libucrt:output.obj
 0001:0001e3e2       ??$extract_argument_from_va_list@U_CRT_DOUBLE@@U1@@?$positional_parameter_base@DV?$stream_output_adapter@D@__crt_stdio_output@@@__crt_stdio_output@@IAE_NAAU_CRT_DOUBLE@@@Z 1001f3e2 f i libucrt:output.obj
 0001:0001e468       ??$extract_argument_from_va_list@U_CRT_DOUBLE@@U1@@?$positional_parameter_base@DV?$string_output_adapter@D@__crt_stdio_output@@@__crt_stdio_output@@IAE_NAAU_CRT_DOUBLE@@@Z 1001f468 f i libucrt:output.obj
 0001:0001e4ee       ??$extract_argument_from_va_list@U_CRT_DOUBLE@@U1@@?$positional_parameter_base@_WV?$stream_output_adapter@_W@__crt_stdio_output@@@__crt_stdio_output@@IAE_NAAU_CRT_DOUBLE@@@Z 1001f4ee f i libucrt:output.obj
 0001:0001e574       ??$extract_argument_from_va_list@U_CRT_DOUBLE@@U1@@?$positional_parameter_base@_WV?$string_output_adapter@_W@__crt_stdio_output@@@__crt_stdio_output@@IAE_NAAU_CRT_DOUBLE@@@Z 1001f574 f i libucrt:output.obj
 0001:0001e5fa       ??$extract_argument_from_va_list@U_CRT_DOUBLE@@U1@@?$standard_base@DV?$stream_output_adapter@D@__crt_stdio_output@@@__crt_stdio_output@@IAE_NAAU_CRT_DOUBLE@@@Z 1001f5fa f i libucrt:output.obj
 0001:0001e61a       ??$extract_argument_from_va_list@U_CRT_DOUBLE@@U1@@?$standard_base@DV?$string_output_adapter@D@__crt_stdio_output@@@__crt_stdio_output@@IAE_NAAU_CRT_DOUBLE@@@Z 1001f61a f i libucrt:output.obj
 0001:0001e63a       ??$extract_argument_from_va_list@U_CRT_DOUBLE@@U1@@?$standard_base@_WV?$stream_output_adapter@_W@__crt_stdio_output@@@__crt_stdio_output@@IAE_NAAU_CRT_DOUBLE@@@Z 1001f63a f i libucrt:output.obj
 0001:0001e65a       ??$extract_argument_from_va_list@U_CRT_DOUBLE@@U1@@?$standard_base@_WV?$string_output_adapter@_W@__crt_stdio_output@@@__crt_stdio_output@@IAE_NAAU_CRT_DOUBLE@@@Z 1001f65a f i libucrt:output.obj
 0001:0001e67a       ??$extract_argument_from_va_list@_J_J@?$positional_parameter_base@DV?$stream_output_adapter@D@__crt_stdio_output@@@__crt_stdio_output@@IAE_NAA_J@Z 1001f67a f i libucrt:output.obj
 0001:0001e700       ??$extract_argument_from_va_list@_J_J@?$positional_parameter_base@DV?$string_output_adapter@D@__crt_stdio_output@@@__crt_stdio_output@@IAE_NAA_J@Z 1001f700 f i libucrt:output.obj
 0001:0001e786       ??$extract_argument_from_va_list@_J_J@?$positional_parameter_base@_WV?$stream_output_adapter@_W@__crt_stdio_output@@@__crt_stdio_output@@IAE_NAA_J@Z 1001f786 f i libucrt:output.obj
 0001:0001e80c       ??$extract_argument_from_va_list@_J_J@?$positional_parameter_base@_WV?$string_output_adapter@_W@__crt_stdio_output@@@__crt_stdio_output@@IAE_NAA_J@Z 1001f80c f i libucrt:output.obj
 0001:0001e892       ??$extract_argument_from_va_list@_J_J@?$standard_base@DV?$stream_output_adapter@D@__crt_stdio_output@@@__crt_stdio_output@@IAE_NAA_J@Z 1001f892 f i libucrt:output.obj
 0001:0001e8b2       ??$extract_argument_from_va_list@_J_J@?$standard_base@DV?$string_output_adapter@D@__crt_stdio_output@@@__crt_stdio_output@@IAE_NAA_J@Z 1001f8b2 f i libucrt:output.obj
 0001:0001e8d2       ??$extract_argument_from_va_list@_J_J@?$standard_base@_WV?$stream_output_adapter@_W@__crt_stdio_output@@@__crt_stdio_output@@IAE_NAA_J@Z 1001f8d2 f i libucrt:output.obj
 0001:0001e8f2       ??$extract_argument_from_va_list@_J_J@?$standard_base@_WV?$string_output_adapter@_W@__crt_stdio_output@@@__crt_stdio_output@@IAE_NAA_J@Z 1001f8f2 f i libucrt:output.obj
 0001:0001e912       ??$extract_argument_from_va_list@_K_J@?$positional_parameter_base@DV?$stream_output_adapter@D@__crt_stdio_output@@@__crt_stdio_output@@IAE_NAA_J@Z 1001f912 f i libucrt:output.obj
 0001:0001e998       ??$extract_argument_from_va_list@_K_J@?$positional_parameter_base@DV?$string_output_adapter@D@__crt_stdio_output@@@__crt_stdio_output@@IAE_NAA_J@Z 1001f998 f i libucrt:output.obj
 0001:0001ea1e       ??$extract_argument_from_va_list@_K_J@?$positional_parameter_base@_WV?$stream_output_adapter@_W@__crt_stdio_output@@@__crt_stdio_output@@IAE_NAA_J@Z 1001fa1e f i libucrt:output.obj
 0001:0001eaa4       ??$extract_argument_from_va_list@_K_J@?$positional_parameter_base@_WV?$string_output_adapter@_W@__crt_stdio_output@@@__crt_stdio_output@@IAE_NAA_J@Z 1001faa4 f i libucrt:output.obj
 0001:0001eb2a       ??$extract_argument_from_va_list@_K_J@?$standard_base@DV?$stream_output_adapter@D@__crt_stdio_output@@@__crt_stdio_output@@IAE_NAA_J@Z 1001fb2a f i libucrt:output.obj
 0001:0001eb4a       ??$extract_argument_from_va_list@_K_J@?$standard_base@DV?$string_output_adapter@D@__crt_stdio_output@@@__crt_stdio_output@@IAE_NAA_J@Z 1001fb4a f i libucrt:output.obj
 0001:0001eb6a       ??$extract_argument_from_va_list@_K_J@?$standard_base@_WV?$stream_output_adapter@_W@__crt_stdio_output@@@__crt_stdio_output@@IAE_NAA_J@Z 1001fb6a f i libucrt:output.obj
 0001:0001eb8a       ??$extract_argument_from_va_list@_K_J@?$standard_base@_WV?$string_output_adapter@_W@__crt_stdio_output@@@__crt_stdio_output@@IAE_NAA_J@Z 1001fb8a f i libucrt:output.obj
[...]
 0002:0000c5b0       __sehtable$??$?RV<lambda_2866be3712abc81a800a822484c830d8>@@AAV<lambda_39ca0ed439415581b5b15c265174cece>@@V<lambda_2b24c74d71094a6cd0cb82e44167d71b>@@@?$__crt_seh_guarded_call@X@@QAEX$$QAV<lambda_2866be3712abc81a800a822484c830d8>@@AAV<lambda_39ca0ed439415581b5b15c265174cece>@@$$QAV<lambda_2b24c74d71094a6cd0cb82e44167d71b>@@@Z 100625b0     libucrt:fflush.obj
 0002:0000c5d0       __sehtable$??$?RV<lambda_2cc53f568c5a2bb6f192f930a45d44ea>@@AAV<lambda_ab61a845afdef5b7c387490eaf3616ee>@@V<lambda_c2ffc0b7726aa6be21d5f0026187e748>@@@?$__crt_seh_guarded_call@X@@QAEX$$QAV<lambda_2cc53f568c5a2bb6f192f930a45d44ea>@@AAV<lambda_ab61a845afdef5b7c387490eaf3616ee>@@$$QAV<lambda_c2ffc0b7726aa6be21d5f0026187e748>@@@Z 100625d0     libucrt:fflush.obj
 0002:0000c5f0       __sehtable$??$?RV<lambda_6d20deecaf4856105ebacbad442d1079>@@AAV<lambda_9a32fed5bf61b6b509b2d3f6003082a1>@@V<lambda_63ea2239ed67c638ddbae41947fdf875>@@@?$__crt_seh_guarded_call@H@@QAEH$$QAV<lambda_6d20deecaf4856105ebacbad442d1079>@@AAV<lambda_9a32fed5bf61b6b509b2d3f6003082a1>@@$$QAV<lambda_63ea2239ed67c638ddbae41947fdf875>@@@Z 100625f0     libucrt:fflush.obj
 0002:0000c610       __sehtable$?update_thread_multibyte_data_internal@@YAPAU__crt_multibyte_data@@QAU__acrt_ptd@@QAPAU1@@Z 10062610     libucrt:mbctype.obj
 0002:0000c630       __sehtable$??$?RV<lambda_ceb1ee4838e85a9d631eb091e2fbe199>@@AAV<lambda_ae742caa10f662c28703da3d2ea5e57e>@@V<lambda_cd08b5d6af4937fe54fc07d0c9bf6b37>@@@?$__crt_seh_guarded_call@X@@QAEX$$QAV<lambda_ceb1ee4838e85a9d631eb091e2fbe199>@@AAV<lambda_ae742caa10f662c28703da3d2ea5e57e>@@$$QAV<lambda_cd08b5d6af4937fe54fc07d0c9bf6b37>@@@Z 10062630     libucrt:mbctype.obj
 0002:0000c650       __sehtable$__query_new_handler 10062650     libucrt:new_handler.obj
 0002:0000c670       __sehtable$__set_new_handler 10062670     libucrt:new_handler.obj
 0002:0000c690       __sehtable$_signal         10062690     libucrt:signal.obj
 0002:0000c6b0       __sehtable$_raise          100626b0     libucrt:signal.obj
 0002:0000c6d0       __sehtable$?ctrlevent_capture@@YGHK@Z 100626d0     libucrt:signal.obj
 0002:0000c6f0       __sehtable$??$?RV<lambda_cbab9ec6f41b0180b23cc171c22676b0>@@AAV<lambda_44731a7d0e6d81c3e6aa82d741081786>@@V<lambda_4b292cb8dd18144e164572427af410ab>@@@?$__crt_seh_guarded_call@P6AXH@Z@@QAEP6AXH@Z$$QAV<lambda_cbab9ec6f41b0180b23cc171c22676b0>@@AAV<lambda_44731a7d0e6d81c3e6aa82d741081786>@@$$QAV<lambda_4b292cb8dd18144e164572427af410ab>@@@Z 100626f0     libucrt:signal.obj
 0002:0000c710       __sehtable$___acrt_update_thread_locale_data 10062710     libucrt:locale_refcounting.obj
 0002:0000c730       __sehtable$__fcloseall     10062730     libucrt:closeall.obj
 0002:0000c750       __sehtable$??$?RV<lambda_9e9de3de5fa147e2223d7db92bc10aa6>@@AAV<lambda_38ce7e780aa69e748d6df282ebc68efe>@@V<lambda_8ca6da459f0f6780f1cff60fdc3d00e5>@@@?$__crt_seh_guarded_call@H@@QAEH$$QAV<lambda_9e9de3de5fa147e2223d7db92bc10aa6>@@AAV<lambda_38ce7e780aa69e748d6df282ebc68efe>@@$$QAV<lambda_8ca6da459f0f6780f1cff60fdc3d00e5>@@@Z 10062750     libucrt:commit.obj
 0002:0000c770       __sehtable$___set_fpsr_sse2 10062770     libucrt:fpctrl.obj
 0002:0000c790       __sehtable$__IsNonwritableInCurrentImage 10062790     LIBCMT:pesect.obj
 0002:0000c7b0       .edata                     100627b0     zlibwapi.exp
 0002:0000c7d8       rgpv                       100627d8     zlibwapi.exp
 0002:0000ca94       rgszName                   10062a94     zlibwapi.exp
 0002:0000cc98       rgwOrd                     10062c98     zlibwapi.exp
 0002:0000cd9a       szName                     10062d9a     zlibwapi.exp
 0002:0000cda7       $N00001                    10062da7     zlibwapi.exp
 0002:0000cdaf       $N00140                    10062daf     zlibwapi.exp
 0002:0000cdbf       $N00174                    10062dbf     zlibwapi.exp
 0002:0000cdc9       $N00039                    10062dc9     zlibwapi.exp
 0002:0000cdd3       $N00002                    10062dd3     zlibwapi.exp
 0002:0000cddc       $N00046                    10062ddc     zlibwapi.exp
 0002:0000cdea       $N00003                    10062dea     zlibwapi.exp
 0002:0000cdf0       $N00142                    10062df0     zlibwapi.exp
 0002:0000cdfe       $N00175                    10062dfe     zlibwapi.exp
 0002:0000ce06       $N00004                    10062e06     zlibwapi.exp
 0002:0000ce0e       $N00047                    10062e0e     zlibwapi.exp
 0002:0000ce1b       $N00005                    10062e1b     zlibwapi.exp
 0002:0000ce27       $N00006                    10062e27     zlibwapi.exp
 0002:0000ce32       $N00173                    10062e32     zlibwapi.exp
 0002:0000ce47       $N00007                    10062e47     zlibwapi.exp
 0002:0000ce55       $N00008                    10062e55     zlibwapi.exp
 0002:0000ce62       $N00009                    10062e62     zlibwapi.exp
 0002:0000ce70       $N00052                    10062e70     zlibwapi.exp
 0002:0000ce7f       $N00051                    10062e7f     zlibwapi.exp
 0002:0000ce8c       $N00010                    10062e8c     zlibwapi.exp
 0002:0000ce99       $N00164                    10062e99     zlibwapi.exp
 0002:0000ceaa       $N00011                    10062eaa     zlibwapi.exp
 0002:0000cebf       $N00144                    10062ebf     zlibwapi.exp
 0002:0000ced0       $N00145                    10062ed0     zlibwapi.exp
 0002:0000cedc       $N00110                    10062edc     zlibwapi.exp
 0002:0000cef0       $N00111                    10062ef0     zlibwapi.exp
 0002:0000cf06       $N00112                    10062f06     zlibwapi.exp
 0002:0000cf1d       $N00113                    10062f1d     zlibwapi.exp
 0002:0000cf34       $N00038                    10062f34     zlibwapi.exp
 0002:0000cf42       $N00146                    10062f42     zlibwapi.exp
 0002:0000cf4b       $N00048                    10062f4b     zlibwapi.exp
 0002:0000cf56       $N00012                    10062f56     zlibwapi.exp
 0002:0000cf5e       $N00147                    10062f5e     zlibwapi.exp
 0002:0000cf68       $N00148                    10062f68     zlibwapi.exp
 0002:0000cf72       $N00149                    10062f72     zlibwapi.exp
 0002:0000cf7b       $N00013                    10062f7b     zlibwapi.exp
 0002:0000cf83       $N00034                    10062f83     zlibwapi.exp
 0002:0000cf89       $N00014                    10062f89     zlibwapi.exp
 0002:0000cf91       $N00015                    10062f91     zlibwapi.exp
 0002:0000cf99       $N00171                    10062f99     zlibwapi.exp
 0002:0000cfa1       $N00172                    10062fa1     zlibwapi.exp
 0002:0000cfaa       $N00030                    10062faa     zlibwapi.exp
 0002:0000cfb1       $N00161                    10062fb1     zlibwapi.exp
 0002:0000cfb9       $N00041                    10062fb9     zlibwapi.exp
 0002:0000cfc0       $N00150                    10062fc0     zlibwapi.exp
 0002:0000cfc9       $N00016                    10062fc9     zlibwapi.exp
 0002:0000cfd0       $N00165                    10062fd0     zlibwapi.exp
 0002:0000cfd9       $N00028                    10062fd9     zlibwapi.exp
 0002:0000cfe2       $N00029                    10062fe2     zlibwapi.exp
 0002:0000cfe9       $N00040                    10062fe9     zlibwapi.exp
 0002:0000cff0       $N00017                    10062ff0     zlibwapi.exp
 0002:0000cff7       $N00032                    10062ff7     zlibwapi.exp
 0002:0000d000       $N00031                    10063000     zlibwapi.exp
 0002:0000d007       $N00035                    10063007     zlibwapi.exp
 0002:0000d013       $N00033                    10063013     zlibwapi.exp
 0002:0000d01a       $N00049                    1006301a     zlibwapi.exp
 0002:0000d023       $N00167                    10063023     zlibwapi.exp
 0002:0000d02d       $N00018                    1006302d     zlibwapi.exp
 0002:0000d035       $N00019                    10063035     zlibwapi.exp
 0002:0000d03d       $N00044                    1006303d     zlibwapi.exp
 0002:0000d049       $N00045                    10063049     zlibwapi.exp
 0002:0000d058       $N00043                    10063058     zlibwapi.exp
 0002:0000d069       $N00168                    10063069     zlibwapi.exp
 0002:0000d07a       $N00042                    1006307a     zlibwapi.exp
 0002:0000d086       $N00020                    10063086     zlibwapi.exp
 0002:0000d091       $N00166                    10063091     zlibwapi.exp
 0002:0000d0a6       $N00156                    100630a6     zlibwapi.exp
 0002:0000d0b7       $N00021                    100630b7     zlibwapi.exp
 0002:0000d0c5       $N00022                    100630c5     zlibwapi.exp
 0002:0000d0d2       $N00157                    100630d2     zlibwapi.exp
 0002:0000d0de       $N00158                    100630de     zlibwapi.exp
 0002:0000d0eb       $N00159                    100630eb     zlibwapi.exp
 0002:0000d0f9       $N00023                    100630f9     zlibwapi.exp
 0002:0000d106       $N00163                    10063106     zlibwapi.exp
 0002:0000d117       $N00024                    10063117     zlibwapi.exp
 0002:0000d12c       $N00025                    1006312c     zlibwapi.exp
 0002:0000d138       $N00037                    10063138     zlibwapi.exp
 0002:0000d149       $N00160                    10063149     zlibwapi.exp
 0002:0000d15a       $N00169                    1006315a     zlibwapi.exp
 0002:0000d16a       $N00170                    1006316a     zlibwapi.exp
 0002:0000d176       $N00026                    10063176     zlibwapi.exp
 0002:0000d181       $N00062                    10063181     zlibwapi.exp
 0002:0000d18a       $N00072                    1006318a     zlibwapi.exp
 0002:0000d19e       $N00124                    1006319e     zlibwapi.exp
 0002:0000d1b6       $N00064                    100631b6     zlibwapi.exp
 0002:0000d1cc       $N00125                    100631cc     zlibwapi.exp
 0002:0000d1ea       $N00127                    100631ea     zlibwapi.exp
 0002:0000d1fa       $N00100                    100631fa     zlibwapi.exp
 0002:0000d208       $N00073                    10063208     zlibwapi.exp
 0002:0000d21c       $N00122                    1006321c     zlibwapi.exp
 0002:0000d22f       $N00063                    1006322f     zlibwapi.exp
 0002:0000d240       $N00076                    10063240     zlibwapi.exp
 0002:0000d256       $N00128                    10063256     zlibwapi.exp
 0002:0000d267       $N00101                    10063267     zlibwapi.exp
 0002:0000d276       $N00065                    10063276     zlibwapi.exp
 0002:0000d287       $N00066                    10063287     zlibwapi.exp
 0002:0000d297       $N00075                    10063297     zlibwapi.exp
 0002:0000d2a5       $N00077                    100632a5     zlibwapi.exp
 0002:0000d2ae       $N00121                    100632ae     zlibwapi.exp
 0002:0000d2ba       $N00120                    100632ba     zlibwapi.exp
 0002:0000d2c4       $N00061                    100632c4     zlibwapi.exp
 0002:0000d2cc       $N00078                    100632cc     zlibwapi.exp
 0002:0000d2e0       $N00069                    100632e0     zlibwapi.exp
 0002:0000d2f4       $N00067                    100632f4     zlibwapi.exp
 0002:0000d307       $N00079                    10063307     zlibwapi.exp
 0002:0000d322       $N00068                    10063322     zlibwapi.exp
 0002:0000d335       $N00074                    10063335     zlibwapi.exp
 0002:0000d34e       $N00071                    1006334e     zlibwapi.exp
 0002:0000d355       $N00126                    10063355     zlibwapi.exp
 0002:0000d35f       $N00070                    1006335f     zlibwapi.exp
 0002:0000d367       $N00036                    10063367     zlibwapi.exp
 0002:0000d36e       $N00084                    1006336e     zlibwapi.exp
 0002:0000d377       $N00083                    10063377     zlibwapi.exp
 0002:0000d389       $N00136                    10063389     zlibwapi.exp
 0002:0000d3a0       $N00087                    100633a0     zlibwapi.exp
 0002:0000d3b5       $N00088                    100633b5     zlibwapi.exp
 0002:0000d3be       $N00131                    100633be     zlibwapi.exp
 0002:0000d3ca       $N00130                    100633ca     zlibwapi.exp
 0002:0000d3d4       $N00080                    100633d4     zlibwapi.exp
 0002:0000d3dc       $N00086                    100633dc     zlibwapi.exp
 0002:0000d3f1       $N00133                    100633f1     zlibwapi.exp
 0002:0000d409       $N00089                    10063409     zlibwapi.exp
 0002:0000d41e       $N00134                    1006341e     zlibwapi.exp
 0002:0000d436       $N00135                    10063436     zlibwapi.exp
 0002:0000d44e       $N00132                    1006344e     zlibwapi.exp
 0002:0000d464       $N00081                    10063464     zlibwapi.exp
 0002:0000d478       $N00082                    10063478     zlibwapi.exp
 0002:0000d48c       $N00050                    1006348c     zlibwapi.exp
 0002:0000d49d       $N00027                    1006349d     zlibwapi.exp
 0002:0000d684       .idata$6                   10063684     kernel32:KERNEL32.dll
 0003:00000020       ?__vcrt_flsindex@@3KA      10064020     libvcruntime:per_thread_data.obj
 0003:00000140       ?errno_no_memory@@3HA      10064140     libucrt:errno.obj
 0003:00000144       ?doserrno_no_memory@@3KA   10064144     libucrt:errno.obj
 0003:00000188       ?__acrt_flsindex@@3KA      10064188     libucrt:per_thread_data.obj
 0003:0000018c       __ctype_loc_style          1006418c     libucrt:wsetlocale.obj
 0003:00000528       __mbctypes                 10064528     libucrt:mbctype.obj
 0003:00000630       __mbcasemaps               10064630     libucrt:mbctype.obj
 0003:00000730       ?__rgctypeflag@@3PADA      10064730     libucrt:mbctype.obj
 0003:00000738       ?__rgcode_page_info@@3PAUcode_page_info@@A 10064738     libucrt:mbctype.obj
 0003:0000088c       ?__dcrt_lowio_console_output_handle@@3PAXA 1006488c     libucrt:initcon.obj
 0003:00000890       ?__DAZ_ENABLED@?1??__set_fpsr_sse2@@9@9 10064890     libucrt:fpctrl.obj
 0003:000009c0       ?__proc_attached@@3HA      100649c0     LIBCMT:dll_dllmain.obj
 0003:000009e0       ?module_local_atexit_table@@3U_onexit_table_t@@A 100649e0     LIBCMT:utility.obj
 0003:000009ec       ?module_local_at_quick_exit_table@@3U_onexit_table_t@@A 100649ec     LIBCMT:utility.obj
 0003:000009f8       ?module_local_atexit_table_initialized@@3_NA 100649f8     LIBCMT:utility.obj
 0003:00000a04       ?is_initialized_as_dll@@3_NA 10064a04     LIBCMT:utility.obj
 0003:00000a18       _GS_ExceptionRecord        10064a18     LIBCMT:gs_report.obj
 0003:00000a68       _GS_ContextRecord          10064a68     LIBCMT:gs_report.obj
 0003:00000d5c       ?heap@@3V_HeapManager@@A   10064d5c     libvcruntime:undname.obj
 0003:00000d70       ?__vcrt_startup_thread_ptd@@3U__vcrt_ptd@@A 10064d70     libvcruntime:per_thread_data.obj
 0003:00000d98       ___vcrt_lock_table         10064d98     libvcruntime:locks.obj
 0003:00000db0       ___vcrt_locks_initialized  10064db0     libvcruntime:locks.obj
 0003:00000db4       ?module_handles@@3PAPAUHINSTANCE__@@A 10064db4     libvcruntime:winapi_downlevel.obj
 0003:00000dc0       ?encoded_function_pointers@@3PAPAXA 10064dc0     libvcruntime:winapi_downlevel.obj
 0003:00000ddc       ?c_termination_complete@@3JA 10064ddc     libucrt:exit.obj
 0003:00000de0       ?thread_local_exit_callback_func@@3P6GXPAXK0@ZA 10064de0     libucrt:exit.obj
 0003:00000de8       ?program_name@?1???$common_configure_argv@D@@YAHW4_crt_argv_mode@@@Z@4PADA 10064de8     libucrt:argv_parsing.obj
 0003:00000ef0       ?program_name@?1???$common_configure_argv@_W@@YAHW4_crt_argv_mode@@@Z@4PA_WA 10064ef0     libucrt:argv_parsing.obj
 0003:00001124       ?__acrt_invalid_parameter_handler@@3V?$dual_state_global@P6AXPB_W00II@Z@__crt_state_management@@A 10065124     libucrt:invalid_parameter.obj
 0003:00001330       ?module_handles@@3PAPAUHINSTANCE__@@A 10065330     libucrt:winapi_thunks.obj
 0003:00001380       ?encoded_function_pointers@@3PAPAXA 10065380     libucrt:winapi_thunks.obj
 0003:00001408       ?static_enum_proc@?1??enum_system_locales_ex_nolock@@YAHQ6GHPA_WKJ@Z@Z@4P6GH0KJ@ZA 10065408     libucrt:winapi_thunks.obj
 0003:00001418       ?internal_state@?1??_mbtowc_l@@9@4U_Mbstatet@@A 10065418     libucrt:mbtowc.obj
 0003:0000142c       ?enable_percent_n@@3IA     1006542c     libucrt:printf_count_output.obj
 0003:00001438       ?__acrt_lock_table@@3PAU_RTL_CRITICAL_SECTION@@A 10065438     libucrt:locks.obj
 0003:00001588       ?__acrt_locks_initialized@@3IA 10065588     libucrt:locks.obj
 0003:0000158c       ?state_cache@?1???$get_cached_win_policy@Ubegin_thread_init_policy_properties@?1??__acrt_get_begin_thread_init_policy@@YA?AW4begin_thread_init_policy@@XZ@@@YA?AW4begin_thread_init_policy@@W4AppPolicyThreadInitializationType@@@Z@4JA 1006558c     libucrt:win_policies.obj
 0003:00001590       ?state_cache@?1???$get_cached_win_policy@Udeveloper_information_policy_properties@?1??__acrt_get_developer_information_policy@@YA?AW4developer_information_policy@@XZ@@@YA?AW4developer_information_policy@@W4AppPolicyShowDeveloperDiagnostic@@@Z@4JA 10065590     libucrt:win_policies.obj
 0003:00001594       ?state_cache@?1???$get_cached_win_policy@Uwindowing_model_policy_properties@?1??__acrt_get_windowing_model_policy@@YA?AW4windowing_model_policy@@XZ@@@YA?AW4windowing_model_policy@@W4AppPolicyWindowingModel@@@Z@4JA 10065594     libucrt:win_policies.obj
 0003:000015a4       ?fSystemSet@@3HA           100655a4     libucrt:mbctype.obj
 0003:000015a8       ?initialized@?1??__acrt_initialize_multibyte@@9@4_NA 100655a8     libucrt:mbctype.obj
 0003:000015cc       ?__acrt_new_handler@@3V?$dual_state_global@P6AHI@Z@__crt_state_management@@A 100655cc     libucrt:new_handler.obj
 0003:000015d0       ?console_ctrl_handler_installed@@3_NA 100655d0     libucrt:signal.obj
 0003:000015d4       ?ctrlc_action@@3V?$dual_state_global@P6AXH@Z@__crt_state_management@@A 100655d4     libucrt:signal.obj
 0003:000015d8       ?ctrlbreak_action@@3V?$dual_state_global@P6AXH@Z@__crt_state_management@@A 100655d8     libucrt:signal.obj
 0003:000015dc       ?abort_action@@3V?$dual_state_global@P6AXH@Z@__crt_state_management@@A 100655dc     libucrt:signal.obj
 0003:000015e0       ?term_action@@3V?$dual_state_global@P6AXH@Z@__crt_state_management@@A 100655e0     libucrt:signal.obj
 0003:000015e4       ?user_matherr@@3V?$dual_state_global@P6AHPAU_exception@@@Z@__crt_state_management@@A 100655e4     libucrt:matherr.obj
 0003:000015e8       ?__acrt_app_type@@3W4_crt_app_type@@A 100655e8     libucrt:report_runtime_error.obj
 0003:000015f0       ?outmsg@?9??__acrt_report_runtime_error@@9@4PA_WA 100655f0     libucrt:report_runtime_error.obj
 0003:00001c18       ?__acrt_global_new_mode@@3V?$dual_state_global@J@__crt_state_management@@A 10065c18     libucrt:new_mode.obj
 0003:00001c28       ?internal_pst@?1??__c16rtomb_utf8@__crt_mbstring@@YAIPAD_SPAU_Mbstatet@@@Z@4U3@A 10065c28     libucrt:c16rtomb.obj
 0003:00001c30       ?mbst@?1??mbrlen@@9@4U_Mbstatet@@A 10065c30     libucrt:mbrtowc.obj
 0003:00001c38       ?mbst@?1??mbrtowc@@9@4U_Mbstatet@@A 10065c38     libucrt:mbrtowc.obj
 0003:00001c40       ?mbst@?1??_mbsrtowcs_helper@@YAIPA_WPAPBDIPAU_Mbstatet@@@Z@4U2@A 10065c40     libucrt:mbrtowc.obj
 0003:00001c4c       ___acrt_error_mode         10065c4c     libucrt:set_error_mode.obj
 0003:00001c50       ?internal_pst@?1??__mbrtoc32_utf8@__crt_mbstring@@YAIPA_UPBDIPAU_Mbstatet@@@Z@4U3@A 10065c50     libucrt:mbrtoc32.obj
 0003:00001c5c       __pmatherr_set             10065c5c     libucrt:libm_error.obj
 0003:00001c60       ?calls@?1??crypthead@@9@9  10065c60     zip.obj
 0004:00000060       $R000000                   10066060     zlib.res
